[0.089s] Invoking command in '/home/jetson/code/dofbot_ros2_ws/build/ros2_vision_arm_control': CMAKE_PREFIX_PATH=${CMAKE_PREFIX_PATH}:/home/jetson/code/cv_bridge_ws/install/opencv_tests:/opt/ros/foxy /usr/bin/cmake /home/jetson/code/dofbot_ros2_ws/src/ros2_vision_arm_control -DAMENT_CMAKE_SYMLINK_INSTALL=1 -DCMAKE_INSTALL_PREFIX=/home/jetson/code/dofbot_ros2_ws/install/ros2_vision_arm_control
[1.114s] -- The C compiler identification is GNU 8.4.0
[1.628s] -- The CXX compiler identification is GNU 8.4.0
[1.666s] -- Check for working C compiler: /usr/bin/cc
[1.950s] -- Check for working C compiler: /usr/bin/cc -- works
[1.957s] -- Detecting C compiler ABI info
[2.232s] -- Detecting C compiler ABI info - done
[2.301s] -- Detecting C compile features
[2.303s] -- Detecting C compile features - done
[2.320s] -- Check for working CXX compiler: /usr/bin/c++
[2.639s] -- Check for working CXX compiler: /usr/bin/c++ -- works
[2.643s] -- Detecting CXX compiler ABI info
[2.977s] -- Detecting CXX compiler ABI info - done
[3.029s] -- Detecting CXX compile features
[3.032s] -- Detecting CXX compile features - done
[3.100s] -- Found ament_cmake: 0.9.12 (/opt/ros/foxy/share/ament_cmake/cmake)
[3.278s] -- Found PythonInterp: /usr/bin/python3 (found suitable version "3.8.10", minimum required is "3") 
[3.278s] -- Using PYTHON_EXECUTABLE: /usr/bin/python3
[5.160s] -- Override CMake install command with custom implementation using symlinks instead of copying resources
[5.375s] -- Found rclpy: 1.0.13 (/opt/ros/foxy/share/rclpy/cmake)
[5.389s] -- Found sensor_msgs: 2.0.5 (/opt/ros/foxy/share/sensor_msgs/cmake)
[5.615s] -- Using all available rosidl_typesupport_c: rosidl_typesupport_fastrtps_c;rosidl_typesupport_introspection_c
[5.674s] -- Found rosidl_adapter: 1.3.1 (/opt/ros/foxy/share/rosidl_adapter/cmake)
[6.239s] -- Found OpenSSL: /usr/lib/aarch64-linux-gnu/libcrypto.so (found version "1.1.1f")  
[6.383s] -- Found FastRTPS: /opt/ros/foxy/include  
[6.833s] -- Using all available rosidl_typesupport_cpp: rosidl_typesupport_fastrtps_cpp;rosidl_typesupport_introspection_cpp
[7.760s] -- Found rosidl_default_generators: 1.0.1 (/opt/ros/foxy/share/rosidl_default_generators/cmake)
[7.947s] -- Found PythonInterp: /usr/bin/python3 (found version "3.8.10") 
[9.185s] -- Found ament_cmake_ros: 0.9.2 (/opt/ros/foxy/share/ament_cmake_ros/cmake)
[11.167s] -- Using all available rosidl_typesupport_c: rosidl_typesupport_fastrtps_c;rosidl_typesupport_introspection_c
[12.443s] -- Using all available rosidl_typesupport_cpp: rosidl_typesupport_fastrtps_cpp;rosidl_typesupport_introspection_cpp
[12.592s] -- Found PythonInterp: /usr/bin/python3 (found suitable version "3.8.10", minimum required is "3.5") 
[12.721s] -- Found python_cmake_module: 0.8.1 (/opt/ros/foxy/share/python_cmake_module/cmake)
[12.939s] -- Found PythonLibs: /usr/lib/aarch64-linux-gnu/libpython3.8.so (found suitable version "3.8.10", minimum required is "3.5") 
[12.940s] -- Using PYTHON_EXECUTABLE: /usr/bin/python3
[12.941s] -- Using PYTHON_INCLUDE_DIRS: /usr/include/python3.8
[12.941s] -- Using PYTHON_LIBRARIES: /usr/lib/aarch64-linux-gnu/libpython3.8.so
[13.173s] -- Found PythonExtra: .so  
[13.991s] -- Configuring done
[14.310s] -- Generating done
[14.406s] -- Build files have been written to: /home/jetson/code/dofbot_ros2_ws/build/ros2_vision_arm_control
[14.442s] Invoked command in '/home/jetson/code/dofbot_ros2_ws/build/ros2_vision_arm_control' returned '0': CMAKE_PREFIX_PATH=${CMAKE_PREFIX_PATH}:/home/jetson/code/cv_bridge_ws/install/opencv_tests:/opt/ros/foxy /usr/bin/cmake /home/jetson/code/dofbot_ros2_ws/src/ros2_vision_arm_control -DAMENT_CMAKE_SYMLINK_INSTALL=1 -DCMAKE_INSTALL_PREFIX=/home/jetson/code/dofbot_ros2_ws/install/ros2_vision_arm_control
[14.445s] Invoking command in '/home/jetson/code/dofbot_ros2_ws/build/ros2_vision_arm_control': CMAKE_PREFIX_PATH=${CMAKE_PREFIX_PATH}:/home/jetson/code/cv_bridge_ws/install/opencv_tests:/opt/ros/foxy /usr/bin/cmake --build /home/jetson/code/dofbot_ros2_ws/build/ros2_vision_arm_control -- -j4 -l4
[14.647s] [  2%] [34m[1mGenerating C code for ROS interfaces[0m
[14.650s] [35m[1mScanning dependencies of target ros2_vision_arm_control__cpp[0m
[14.742s] [  5%] [34m[1mGenerating C++ code for ROS interfaces[0m
[16.639s] [  5%] Built target ros2_vision_arm_control__cpp
[16.722s] [  7%] [34m[1mGenerating C++ type support for eProsima Fast-RTPS[0m
[16.803s] [ 10%] [34m[1mGenerating C++ type support dispatch for ROS interfaces[0m
[16.846s] [35m[1mScanning dependencies of target ros2_vision_arm_control__rosidl_generator_c[0m
[16.854s] [ 12%] [34m[1mGenerating C++ introspection for ROS interfaces[0m
[17.035s] [ 15%] [32mBuilding C object CMakeFiles/ros2_vision_arm_control__rosidl_generator_c.dir/rosidl_generator_c/ros2_vision_arm_control/msg/detail/vision_detection__functions.c.o[0m
[17.506s] [ 17%] [32mBuilding C object CMakeFiles/ros2_vision_arm_control__rosidl_generator_c.dir/rosidl_generator_c/ros2_vision_arm_control/msg/detail/bounding_box__functions.c.o[0m
[17.748s] [ 20%] [32m[1mLinking C shared library libros2_vision_arm_control__rosidl_generator_c.so[0m
[17.937s] [ 20%] Built target ros2_vision_arm_control__rosidl_generator_c
[17.984s] [ 23%] [34m[1mGenerating C introspection for ROS interfaces[0m
[18.223s] [35m[1mScanning dependencies of target ros2_vision_arm_control__rosidl_typesupport_cpp[0m
[18.340s] [ 25%] [32mBuilding CXX object CMakeFiles/ros2_vision_arm_control__rosidl_typesupport_cpp.dir/rosidl_typesupport_cpp/ros2_vision_arm_control/msg/vision_detection__type_support.cpp.o[0m
[18.524s] [35m[1mScanning dependencies of target ros2_vision_arm_control__rosidl_typesupport_introspection_cpp[0m
[18.536s] [35m[1mScanning dependencies of target ros2_vision_arm_control__rosidl_typesupport_fastrtps_cpp[0m
[18.629s] [ 28%] [32mBuilding CXX object CMakeFiles/ros2_vision_arm_control__rosidl_typesupport_fastrtps_cpp.dir/rosidl_typesupport_fastrtps_cpp/ros2_vision_arm_control/msg/detail/dds_fastrtps/vision_detection__type_support.cpp.o[0m
[18.644s] [ 30%] [32mBuilding CXX object CMakeFiles/ros2_vision_arm_control__rosidl_typesupport_introspection_cpp.dir/rosidl_typesupport_introspection_cpp/ros2_vision_arm_control/msg/detail/vision_detection__type_support.cpp.o[0m
[19.502s] [ 33%] [32mBuilding CXX object CMakeFiles/ros2_vision_arm_control__rosidl_typesupport_cpp.dir/rosidl_typesupport_cpp/ros2_vision_arm_control/msg/bounding_box__type_support.cpp.o[0m
[19.627s] [35m[1mScanning dependencies of target ros2_vision_arm_control__rosidl_typesupport_introspection_c[0m
[19.779s] [ 35%] [32mBuilding C object CMakeFiles/ros2_vision_arm_control__rosidl_typesupport_introspection_c.dir/rosidl_typesupport_introspection_c/ros2_vision_arm_control/msg/detail/vision_detection__type_support.c.o[0m
[19.965s] [ 38%] [32mBuilding C object CMakeFiles/ros2_vision_arm_control__rosidl_typesupport_introspection_c.dir/rosidl_typesupport_introspection_c/ros2_vision_arm_control/msg/detail/bounding_box__type_support.c.o[0m
[19.975s] [ 41%] [32mBuilding CXX object CMakeFiles/ros2_vision_arm_control__rosidl_typesupport_introspection_cpp.dir/rosidl_typesupport_introspection_cpp/ros2_vision_arm_control/msg/detail/bounding_box__type_support.cpp.o[0m
[20.111s] [ 43%] [32m[1mLinking C shared library libros2_vision_arm_control__rosidl_typesupport_introspection_c.so[0m
[20.259s] [ 43%] Built target ros2_vision_arm_control__rosidl_typesupport_introspection_c
[20.340s] [ 46%] [32mBuilding CXX object CMakeFiles/ros2_vision_arm_control__rosidl_typesupport_fastrtps_cpp.dir/rosidl_typesupport_fastrtps_cpp/ros2_vision_arm_control/msg/detail/dds_fastrtps/bounding_box__type_support.cpp.o[0m
[20.430s] [ 48%] [34m[1mGenerating C type support dispatch for ROS interfaces[0m
[20.747s] [ 51%] [32m[1mLinking CXX shared library libros2_vision_arm_control__rosidl_typesupport_cpp.so[0m
[21.047s] [ 51%] Built target ros2_vision_arm_control__rosidl_typesupport_cpp
[21.139s] [ 53%] [32m[1mLinking CXX shared library libros2_vision_arm_control__rosidl_typesupport_introspection_cpp.so[0m
[21.429s] [ 53%] Built target ros2_vision_arm_control__rosidl_typesupport_introspection_cpp
[21.931s] [ 56%] [32m[1mLinking CXX shared library libros2_vision_arm_control__rosidl_typesupport_fastrtps_cpp.so[0m
[22.013s] [35m[1mScanning dependencies of target ros2_vision_arm_control__rosidl_typesupport_c[0m
[22.072s] [ 58%] [32mBuilding CXX object CMakeFiles/ros2_vision_arm_control__rosidl_typesupport_c.dir/rosidl_typesupport_c/ros2_vision_arm_control/msg/vision_detection__type_support.cpp.o[0m
[22.076s] [ 61%] [32mBuilding CXX object CMakeFiles/ros2_vision_arm_control__rosidl_typesupport_c.dir/rosidl_typesupport_c/ros2_vision_arm_control/msg/bounding_box__type_support.cpp.o[0m
[22.207s] [ 64%] [32m[1mLinking CXX shared library libros2_vision_arm_control__rosidl_typesupport_c.so[0m
[22.279s] [ 64%] Built target ros2_vision_arm_control__rosidl_typesupport_fastrtps_cpp
[22.323s] [ 66%] [34m[1mGenerating C type support for eProsima Fast-RTPS[0m
[22.362s] [ 66%] Built target ros2_vision_arm_control__rosidl_typesupport_c
[23.664s] [35m[1mScanning dependencies of target ros2_vision_arm_control__rosidl_typesupport_fastrtps_c[0m
[23.744s] [ 69%] [32mBuilding CXX object CMakeFiles/ros2_vision_arm_control__rosidl_typesupport_fastrtps_c.dir/rosidl_typesupport_fastrtps_c/ros2_vision_arm_control/msg/detail/bounding_box__type_support_c.cpp.o[0m
[23.753s] [ 71%] [32mBuilding CXX object CMakeFiles/ros2_vision_arm_control__rosidl_typesupport_fastrtps_c.dir/rosidl_typesupport_fastrtps_c/ros2_vision_arm_control/msg/detail/vision_detection__type_support_c.cpp.o[0m
[24.944s] [ 74%] [32m[1mLinking CXX shared library libros2_vision_arm_control__rosidl_typesupport_fastrtps_c.so[0m
[25.260s] [ 74%] Built target ros2_vision_arm_control__rosidl_typesupport_fastrtps_c
[25.299s] [35m[1mScanning dependencies of target ros2_vision_arm_control[0m
[25.340s] [ 74%] Built target ros2_vision_arm_control
[25.379s] [35m[1mScanning dependencies of target ros2_vision_arm_control__py[0m
[25.423s] [ 76%] [34m[1mGenerating Python code for ROS interfaces[0m
[28.127s] [ 76%] Built target ros2_vision_arm_control__py
[28.165s] [35m[1mScanning dependencies of target ros2_vision_arm_control__python[0m
[28.305s] [ 79%] [32mBuilding C object CMakeFiles/ros2_vision_arm_control__python.dir/rosidl_generator_py/ros2_vision_arm_control/msg/_bounding_box_s.c.o[0m
[28.318s] [ 82%] [32mBuilding C object CMakeFiles/ros2_vision_arm_control__python.dir/rosidl_generator_py/ros2_vision_arm_control/msg/_vision_detection_s.c.o[0m
[28.713s] [ 84%] [32m[1mLinking C shared library rosidl_generator_py/ros2_vision_arm_control/libros2_vision_arm_control__python.so[0m
[28.895s] [ 84%] Built target ros2_vision_arm_control__python
[28.935s] [35m[1mScanning dependencies of target ros2_vision_arm_control__rosidl_typesupport_c__pyext[0m
[28.935s] [35m[1mScanning dependencies of target ros2_vision_arm_control__rosidl_typesupport_introspection_c__pyext[0m
[28.935s] [35m[1mScanning dependencies of target ros2_vision_arm_control__rosidl_typesupport_fastrtps_c__pyext[0m
[29.022s] [ 87%] [32mBuilding C object CMakeFiles/ros2_vision_arm_control__rosidl_typesupport_introspection_c__pyext.dir/rosidl_generator_py/ros2_vision_arm_control/_ros2_vision_arm_control_s.ep.rosidl_typesupport_introspection_c.c.o[0m
[29.046s] [ 89%] [32mBuilding C object CMakeFiles/ros2_vision_arm_control__rosidl_typesupport_c__pyext.dir/rosidl_generator_py/ros2_vision_arm_control/_ros2_vision_arm_control_s.ep.rosidl_typesupport_c.c.o[0m
[29.062s] [ 92%] [32mBuilding C object CMakeFiles/ros2_vision_arm_control__rosidl_typesupport_fastrtps_c__pyext.dir/rosidl_generator_py/ros2_vision_arm_control/_ros2_vision_arm_control_s.ep.rosidl_typesupport_fastrtps_c.c.o[0m
[29.360s] [ 94%] [32m[1mLinking C shared library rosidl_generator_py/ros2_vision_arm_control/ros2_vision_arm_control_s__rosidl_typesupport_introspection_c.cpython-38-aarch64-linux-gnu.so[0m
[29.400s] [ 97%] [32m[1mLinking C shared library rosidl_generator_py/ros2_vision_arm_control/ros2_vision_arm_control_s__rosidl_typesupport_c.cpython-38-aarch64-linux-gnu.so[0m
[29.416s] [100%] [32m[1mLinking CXX shared library rosidl_generator_py/ros2_vision_arm_control/ros2_vision_arm_control_s__rosidl_typesupport_fastrtps_c.cpython-38-aarch64-linux-gnu.so[0m
[29.568s] [100%] Built target ros2_vision_arm_control__rosidl_typesupport_introspection_c__pyext
[29.591s] [100%] Built target ros2_vision_arm_control__rosidl_typesupport_c__pyext
[29.723s] [100%] Built target ros2_vision_arm_control__rosidl_typesupport_fastrtps_c__pyext
[29.767s] Invoked command in '/home/jetson/code/dofbot_ros2_ws/build/ros2_vision_arm_control' returned '0': CMAKE_PREFIX_PATH=${CMAKE_PREFIX_PATH}:/home/jetson/code/cv_bridge_ws/install/opencv_tests:/opt/ros/foxy /usr/bin/cmake --build /home/jetson/code/dofbot_ros2_ws/build/ros2_vision_arm_control -- -j4 -l4
[29.814s] Invoking command in '/home/jetson/code/dofbot_ros2_ws/build/ros2_vision_arm_control': CMAKE_PREFIX_PATH=${CMAKE_PREFIX_PATH}:/home/jetson/code/cv_bridge_ws/install/opencv_tests:/opt/ros/foxy /usr/bin/cmake --install /home/jetson/code/dofbot_ros2_ws/build/ros2_vision_arm_control
[29.846s] -- Install configuration: ""
[29.848s] -- Execute custom install script
[29.849s] -- Symlinking: /home/jetson/code/dofbot_ros2_ws/install/ros2_vision_arm_control/share/ament_index/resource_index/rosidl_interfaces/ros2_vision_arm_control
[29.885s] -- Symlinking: /home/jetson/code/dofbot_ros2_ws/install/ros2_vision_arm_control/include/ros2_vision_arm_control/msg/bounding_box.h
[29.918s] -- Symlinking: /home/jetson/code/dofbot_ros2_ws/install/ros2_vision_arm_control/include/ros2_vision_arm_control/msg/detail/bounding_box__functions.h
[29.951s] -- Symlinking: /home/jetson/code/dofbot_ros2_ws/install/ros2_vision_arm_control/include/ros2_vision_arm_control/msg/detail/bounding_box__struct.h
[29.983s] -- Symlinking: /home/jetson/code/dofbot_ros2_ws/install/ros2_vision_arm_control/include/ros2_vision_arm_control/msg/detail/bounding_box__type_support.h
[30.017s] -- Symlinking: /home/jetson/code/dofbot_ros2_ws/install/ros2_vision_arm_control/include/ros2_vision_arm_control/msg/detail/vision_detection__functions.h
[30.053s] -- Symlinking: /home/jetson/code/dofbot_ros2_ws/install/ros2_vision_arm_control/include/ros2_vision_arm_control/msg/detail/vision_detection__struct.h
[30.086s] -- Symlinking: /home/jetson/code/dofbot_ros2_ws/install/ros2_vision_arm_control/include/ros2_vision_arm_control/msg/detail/vision_detection__type_support.h
[30.119s] -- Symlinking: /home/jetson/code/dofbot_ros2_ws/install/ros2_vision_arm_control/include/ros2_vision_arm_control/msg/rosidl_generator_c__visibility_control.h
[30.151s] -- Symlinking: /home/jetson/code/dofbot_ros2_ws/install/ros2_vision_arm_control/include/ros2_vision_arm_control/msg/vision_detection.h
[30.191s] -- Symlinking: /home/jetson/code/dofbot_ros2_ws/install/ros2_vision_arm_control/share/ros2_vision_arm_control/environment/library_path.sh
[30.224s] -- Symlinking: /home/jetson/code/dofbot_ros2_ws/install/ros2_vision_arm_control/share/ros2_vision_arm_control/environment/library_path.dsv
[30.258s] -- Symlinking: /home/jetson/code/dofbot_ros2_ws/install/ros2_vision_arm_control/include/ros2_vision_arm_control/msg/detail/bounding_box__rosidl_typesupport_fastrtps_c.h
[30.292s] -- Symlinking: /home/jetson/code/dofbot_ros2_ws/install/ros2_vision_arm_control/include/ros2_vision_arm_control/msg/detail/vision_detection__rosidl_typesupport_fastrtps_c.h
[30.324s] -- Symlinking: /home/jetson/code/dofbot_ros2_ws/install/ros2_vision_arm_control/include/ros2_vision_arm_control/msg/rosidl_typesupport_fastrtps_c__visibility_control.h
[30.358s] -- Symlinking: /home/jetson/code/dofbot_ros2_ws/install/ros2_vision_arm_control/lib/libros2_vision_arm_control__rosidl_typesupport_fastrtps_c.so
[30.396s] -- Symlinking: /home/jetson/code/dofbot_ros2_ws/install/ros2_vision_arm_control/include/ros2_vision_arm_control/msg/detail/bounding_box__rosidl_typesupport_fastrtps_cpp.hpp
[30.430s] -- Symlinking: /home/jetson/code/dofbot_ros2_ws/install/ros2_vision_arm_control/include/ros2_vision_arm_control/msg/detail/vision_detection__rosidl_typesupport_fastrtps_cpp.hpp
[30.464s] -- Symlinking: /home/jetson/code/dofbot_ros2_ws/install/ros2_vision_arm_control/include/ros2_vision_arm_control/msg/rosidl_typesupport_fastrtps_cpp__visibility_control.h
[30.499s] -- Symlinking: /home/jetson/code/dofbot_ros2_ws/install/ros2_vision_arm_control/lib/libros2_vision_arm_control__rosidl_typesupport_fastrtps_cpp.so
[30.534s] -- Symlinking: /home/jetson/code/dofbot_ros2_ws/install/ros2_vision_arm_control/include/ros2_vision_arm_control/msg/detail/bounding_box__rosidl_typesupport_introspection_c.h
[30.567s] -- Symlinking: /home/jetson/code/dofbot_ros2_ws/install/ros2_vision_arm_control/include/ros2_vision_arm_control/msg/detail/vision_detection__rosidl_typesupport_introspection_c.h
[30.600s] -- Symlinking: /home/jetson/code/dofbot_ros2_ws/install/ros2_vision_arm_control/include/ros2_vision_arm_control/msg/rosidl_typesupport_introspection_c__visibility_control.h
[30.639s] -- Symlinking: /home/jetson/code/dofbot_ros2_ws/install/ros2_vision_arm_control/include/ros2_vision_arm_control/msg/bounding_box.hpp
[30.672s] -- Symlinking: /home/jetson/code/dofbot_ros2_ws/install/ros2_vision_arm_control/include/ros2_vision_arm_control/msg/detail/bounding_box__builder.hpp
[30.707s] -- Symlinking: /home/jetson/code/dofbot_ros2_ws/install/ros2_vision_arm_control/include/ros2_vision_arm_control/msg/detail/bounding_box__struct.hpp
[30.743s] -- Symlinking: /home/jetson/code/dofbot_ros2_ws/install/ros2_vision_arm_control/include/ros2_vision_arm_control/msg/detail/bounding_box__traits.hpp
[30.778s] -- Symlinking: /home/jetson/code/dofbot_ros2_ws/install/ros2_vision_arm_control/include/ros2_vision_arm_control/msg/detail/bounding_box__type_support.hpp
[30.813s] -- Symlinking: /home/jetson/code/dofbot_ros2_ws/install/ros2_vision_arm_control/include/ros2_vision_arm_control/msg/detail/vision_detection__builder.hpp
[30.850s] -- Symlinking: /home/jetson/code/dofbot_ros2_ws/install/ros2_vision_arm_control/include/ros2_vision_arm_control/msg/detail/vision_detection__struct.hpp
[30.889s] -- Symlinking: /home/jetson/code/dofbot_ros2_ws/install/ros2_vision_arm_control/include/ros2_vision_arm_control/msg/detail/vision_detection__traits.hpp
[30.926s] -- Symlinking: /home/jetson/code/dofbot_ros2_ws/install/ros2_vision_arm_control/include/ros2_vision_arm_control/msg/detail/vision_detection__type_support.hpp
[30.962s] -- Symlinking: /home/jetson/code/dofbot_ros2_ws/install/ros2_vision_arm_control/include/ros2_vision_arm_control/msg/rosidl_generator_cpp__visibility_control.hpp
[30.998s] -- Symlinking: /home/jetson/code/dofbot_ros2_ws/install/ros2_vision_arm_control/include/ros2_vision_arm_control/msg/vision_detection.hpp
[31.041s] -- Symlinking: /home/jetson/code/dofbot_ros2_ws/install/ros2_vision_arm_control/include/ros2_vision_arm_control/msg/detail/bounding_box__rosidl_typesupport_introspection_cpp.hpp
[31.076s] -- Symlinking: /home/jetson/code/dofbot_ros2_ws/install/ros2_vision_arm_control/include/ros2_vision_arm_control/msg/detail/vision_detection__rosidl_typesupport_introspection_cpp.hpp
[31.112s] -- Symlinking: /home/jetson/code/dofbot_ros2_ws/install/ros2_vision_arm_control/share/ros2_vision_arm_control/environment/pythonpath.sh
[31.153s] -- Symlinking: /home/jetson/code/dofbot_ros2_ws/install/ros2_vision_arm_control/share/ros2_vision_arm_control/environment/pythonpath.dsv
[31.199s] -- Symlinking: /home/jetson/code/dofbot_ros2_ws/install/ros2_vision_arm_control/lib/python3.8/site-packages/ros2_vision_arm_control/__init__.py
[31.241s] -- Symlinking: /home/jetson/code/dofbot_ros2_ws/install/ros2_vision_arm_control/lib/python3.8/site-packages/ros2_vision_arm_control/msg/__init__.py
[31.276s] -- Symlinking: /home/jetson/code/dofbot_ros2_ws/install/ros2_vision_arm_control/lib/python3.8/site-packages/ros2_vision_arm_control/msg/_bounding_box.py
[31.313s] -- Symlinking: /home/jetson/code/dofbot_ros2_ws/install/ros2_vision_arm_control/lib/python3.8/site-packages/ros2_vision_arm_control/msg/_vision_detection.py
[31.356s] -- Symlinking: /home/jetson/code/dofbot_ros2_ws/install/ros2_vision_arm_control/lib/python3.8/site-packages/ros2_vision_arm_control/ros2_vision_arm_control_s__rosidl_typesupport_fastrtps_c.cpython-38-aarch64-linux-gnu.so
[31.394s] -- Symlinking: /home/jetson/code/dofbot_ros2_ws/install/ros2_vision_arm_control/lib/python3.8/site-packages/ros2_vision_arm_control/ros2_vision_arm_control_s__rosidl_typesupport_introspection_c.cpython-38-aarch64-linux-gnu.so
[31.430s] -- Symlinking: /home/jetson/code/dofbot_ros2_ws/install/ros2_vision_arm_control/lib/python3.8/site-packages/ros2_vision_arm_control/ros2_vision_arm_control_s__rosidl_typesupport_c.cpython-38-aarch64-linux-gnu.so
[31.470s] -- Symlinking: /home/jetson/code/dofbot_ros2_ws/install/ros2_vision_arm_control/lib/libros2_vision_arm_control__python.so
[31.537s] -- Symlinking: /home/jetson/code/dofbot_ros2_ws/install/ros2_vision_arm_control/share/ros2_vision_arm_control/msg/VisionDetection.idl
[31.593s] -- Symlinking: /home/jetson/code/dofbot_ros2_ws/install/ros2_vision_arm_control/share/ros2_vision_arm_control/msg/BoundingBox.idl
[31.637s] -- Symlinking: /home/jetson/code/dofbot_ros2_ws/install/ros2_vision_arm_control/share/ros2_vision_arm_control/msg/VisionDetection.msg
[31.683s] -- Symlinking: /home/jetson/code/dofbot_ros2_ws/install/ros2_vision_arm_control/share/ros2_vision_arm_control/msg/BoundingBox.msg
[31.730s] -- Symlinking: /home/jetson/code/dofbot_ros2_ws/install/ros2_vision_arm_control/lib/python3.8/site-packages/models/__init__.py
[31.768s] -- Symlinking: /home/jetson/code/dofbot_ros2_ws/install/ros2_vision_arm_control/lib/python3.8/site-packages/models/common.py
[31.810s] -- Symlinking: /home/jetson/code/dofbot_ros2_ws/install/ros2_vision_arm_control/lib/python3.8/site-packages/models/experimental.py
[31.845s] -- Symlinking: /home/jetson/code/dofbot_ros2_ws/install/ros2_vision_arm_control/lib/python3.8/site-packages/models/export.py
[31.882s] -- Symlinking: /home/jetson/code/dofbot_ros2_ws/install/ros2_vision_arm_control/lib/python3.8/site-packages/models/hub/yolov3-spp.yaml
[31.918s] -- Symlinking: /home/jetson/code/dofbot_ros2_ws/install/ros2_vision_arm_control/lib/python3.8/site-packages/models/hub/yolov5-fpn.yaml
[31.955s] -- Symlinking: /home/jetson/code/dofbot_ros2_ws/install/ros2_vision_arm_control/lib/python3.8/site-packages/models/hub/yolov5-panet.yaml
[31.992s] -- Symlinking: /home/jetson/code/dofbot_ros2_ws/install/ros2_vision_arm_control/lib/python3.8/site-packages/models/yolo.py
[32.030s] -- Symlinking: /home/jetson/code/dofbot_ros2_ws/install/ros2_vision_arm_control/lib/python3.8/site-packages/models/yolov5l.yaml
[32.067s] -- Symlinking: /home/jetson/code/dofbot_ros2_ws/install/ros2_vision_arm_control/lib/python3.8/site-packages/models/yolov5m.yaml
[32.103s] -- Symlinking: /home/jetson/code/dofbot_ros2_ws/install/ros2_vision_arm_control/lib/python3.8/site-packages/models/yolov5n.yaml
[32.152s] -- Symlinking: /home/jetson/code/dofbot_ros2_ws/install/ros2_vision_arm_control/lib/python3.8/site-packages/models/yolov5s.yaml
[32.190s] -- Symlinking: /home/jetson/code/dofbot_ros2_ws/install/ros2_vision_arm_control/lib/python3.8/site-packages/models/yolov5x.yaml
[32.230s] -- Symlinking: /home/jetson/code/dofbot_ros2_ws/install/ros2_vision_arm_control/lib/python3.8/site-packages/utils/__init__.py
[32.268s] -- Symlinking: /home/jetson/code/dofbot_ros2_ws/install/ros2_vision_arm_control/lib/python3.8/site-packages/utils/activations.py
[32.304s] -- Symlinking: /home/jetson/code/dofbot_ros2_ws/install/ros2_vision_arm_control/lib/python3.8/site-packages/utils/datasets.py
[32.344s] -- Symlinking: /home/jetson/code/dofbot_ros2_ws/install/ros2_vision_arm_control/lib/python3.8/site-packages/utils/general.py
[32.381s] -- Symlinking: /home/jetson/code/dofbot_ros2_ws/install/ros2_vision_arm_control/lib/python3.8/site-packages/utils/google_utils.py
[32.419s] -- Symlinking: /home/jetson/code/dofbot_ros2_ws/install/ros2_vision_arm_control/lib/python3.8/site-packages/utils/ikpy_utils.py
[32.455s] -- Symlinking: /home/jetson/code/dofbot_ros2_ws/install/ros2_vision_arm_control/lib/python3.8/site-packages/utils/torch_utils.py
[32.493s] -- Symlinking: /home/jetson/code/dofbot_ros2_ws/install/ros2_vision_arm_control/lib/ros2_vision_arm_control/__init__.py
[32.530s] -- Symlinking: /home/jetson/code/dofbot_ros2_ws/install/ros2_vision_arm_control/lib/ros2_vision_arm_control/camera_node.py
[32.570s] -- Symlinking: /home/jetson/code/dofbot_ros2_ws/install/ros2_vision_arm_control/lib/ros2_vision_arm_control/arm_control.py
[32.607s] -- Symlinking: /home/jetson/code/dofbot_ros2_ws/install/ros2_vision_arm_control/lib/ros2_vision_arm_control/yolo_detector.py
[32.643s] -- Symlinking: /home/jetson/code/dofbot_ros2_ws/install/ros2_vision_arm_control/lib/ros2_vision_arm_control/motion_planner.py
[32.684s] -- Symlinking: /home/jetson/code/dofbot_ros2_ws/install/ros2_vision_arm_control/share/ros2_vision_arm_control/launch/vision_arm_launch.py
[32.722s] -- Symlinking: /home/jetson/code/dofbot_ros2_ws/install/ros2_vision_arm_control/lib/ros2_vision_arm_control/meshes/base_link.STL
[32.758s] -- Symlinking: /home/jetson/code/dofbot_ros2_ws/install/ros2_vision_arm_control/lib/ros2_vision_arm_control/meshes/link1.STL
[32.795s] -- Symlinking: /home/jetson/code/dofbot_ros2_ws/install/ros2_vision_arm_control/lib/ros2_vision_arm_control/meshes/link2.STL
[32.832s] -- Symlinking: /home/jetson/code/dofbot_ros2_ws/install/ros2_vision_arm_control/lib/ros2_vision_arm_control/meshes/link3.STL
[32.868s] -- Symlinking: /home/jetson/code/dofbot_ros2_ws/install/ros2_vision_arm_control/lib/ros2_vision_arm_control/meshes/link4.STL
[32.904s] -- Symlinking: /home/jetson/code/dofbot_ros2_ws/install/ros2_vision_arm_control/lib/ros2_vision_arm_control/meshes/link5.STL
[32.944s] -- Symlinking: /home/jetson/code/dofbot_ros2_ws/install/ros2_vision_arm_control/lib/ros2_vision_arm_control/yolo_weight/yolov5n_0214.pt
[32.983s] -- Symlinking: /home/jetson/code/dofbot_ros2_ws/install/ros2_vision_arm_control/lib/ros2_vision_arm_control/yolo_weight/yolov5t_0401.pt
[33.022s] -- Symlinking: /home/jetson/code/dofbot_ros2_ws/install/ros2_vision_arm_control/lib/ros2_vision_arm_control/urdf/dofbot.urdf
[33.066s] -- Symlinking: /home/jetson/code/dofbot_ros2_ws/install/ros2_vision_arm_control/share/ament_index/resource_index/package_run_dependencies/ros2_vision_arm_control
[33.110s] -- Symlinking: /home/jetson/code/dofbot_ros2_ws/install/ros2_vision_arm_control/share/ament_index/resource_index/parent_prefix_path/ros2_vision_arm_control
[33.151s] -- Symlinking: /home/jetson/code/dofbot_ros2_ws/install/ros2_vision_arm_control/share/ros2_vision_arm_control/environment/ament_prefix_path.sh
[33.190s] -- Symlinking: /home/jetson/code/dofbot_ros2_ws/install/ros2_vision_arm_control/share/ros2_vision_arm_control/environment/ament_prefix_path.dsv
[33.226s] -- Symlinking: /home/jetson/code/dofbot_ros2_ws/install/ros2_vision_arm_control/share/ros2_vision_arm_control/environment/path.sh
[33.266s] -- Symlinking: /home/jetson/code/dofbot_ros2_ws/install/ros2_vision_arm_control/share/ros2_vision_arm_control/environment/path.dsv
[33.304s] -- Symlinking: /home/jetson/code/dofbot_ros2_ws/install/ros2_vision_arm_control/share/ros2_vision_arm_control/local_setup.bash
[33.341s] -- Symlinking: /home/jetson/code/dofbot_ros2_ws/install/ros2_vision_arm_control/share/ros2_vision_arm_control/local_setup.sh
[33.380s] -- Symlinking: /home/jetson/code/dofbot_ros2_ws/install/ros2_vision_arm_control/share/ros2_vision_arm_control/local_setup.zsh
[33.417s] -- Symlinking: /home/jetson/code/dofbot_ros2_ws/install/ros2_vision_arm_control/share/ros2_vision_arm_control/local_setup.dsv
[33.456s] -- Symlinking: /home/jetson/code/dofbot_ros2_ws/install/ros2_vision_arm_control/share/ros2_vision_arm_control/package.dsv
[33.498s] -- Symlinking: /home/jetson/code/dofbot_ros2_ws/install/ros2_vision_arm_control/share/ament_index/resource_index/packages/ros2_vision_arm_control
[33.536s] -- Symlinking: /home/jetson/code/dofbot_ros2_ws/install/ros2_vision_arm_control/share/ros2_vision_arm_control/cmake/rosidl_cmake-extras.cmake
[33.572s] -- Symlinking: /home/jetson/code/dofbot_ros2_ws/install/ros2_vision_arm_control/share/ros2_vision_arm_control/cmake/ament_cmake_export_dependencies-extras.cmake
[33.610s] -- Symlinking: /home/jetson/code/dofbot_ros2_ws/install/ros2_vision_arm_control/share/ros2_vision_arm_control/cmake/ament_cmake_export_libraries-extras.cmake
[33.647s] -- Symlinking: /home/jetson/code/dofbot_ros2_ws/install/ros2_vision_arm_control/share/ros2_vision_arm_control/cmake/ament_cmake_export_targets-extras.cmake
[33.684s] -- Symlinking: /home/jetson/code/dofbot_ros2_ws/install/ros2_vision_arm_control/share/ros2_vision_arm_control/cmake/ament_cmake_export_include_directories-extras.cmake
[33.721s] -- Symlinking: /home/jetson/code/dofbot_ros2_ws/install/ros2_vision_arm_control/share/ros2_vision_arm_control/cmake/rosidl_cmake_export_typesupport_libraries-extras.cmake
[33.772s] -- Symlinking: /home/jetson/code/dofbot_ros2_ws/install/ros2_vision_arm_control/share/ros2_vision_arm_control/cmake/rosidl_cmake_export_typesupport_targets-extras.cmake
[33.810s] -- Symlinking: /home/jetson/code/dofbot_ros2_ws/install/ros2_vision_arm_control/share/ros2_vision_arm_control/cmake/ros2_vision_arm_controlConfig.cmake
[33.847s] -- Symlinking: /home/jetson/code/dofbot_ros2_ws/install/ros2_vision_arm_control/share/ros2_vision_arm_control/cmake/ros2_vision_arm_controlConfig-version.cmake
[33.890s] -- Symlinking: /home/jetson/code/dofbot_ros2_ws/install/ros2_vision_arm_control/share/ros2_vision_arm_control/package.xml
[33.928s] -- Installing: /home/jetson/code/dofbot_ros2_ws/install/ros2_vision_arm_control/lib/libros2_vision_arm_control__rosidl_generator_c.so
[33.930s] -- Set runtime path of "/home/jetson/code/dofbot_ros2_ws/install/ros2_vision_arm_control/lib/libros2_vision_arm_control__rosidl_generator_c.so" to ""
[33.932s] -- Installing: /home/jetson/code/dofbot_ros2_ws/install/ros2_vision_arm_control/lib/libros2_vision_arm_control__rosidl_typesupport_introspection_c.so
[33.934s] -- Set runtime path of "/home/jetson/code/dofbot_ros2_ws/install/ros2_vision_arm_control/lib/libros2_vision_arm_control__rosidl_typesupport_introspection_c.so" to ""
[33.936s] -- Installing: /home/jetson/code/dofbot_ros2_ws/install/ros2_vision_arm_control/lib/libros2_vision_arm_control__rosidl_typesupport_c.so
[33.939s] -- Set runtime path of "/home/jetson/code/dofbot_ros2_ws/install/ros2_vision_arm_control/lib/libros2_vision_arm_control__rosidl_typesupport_c.so" to ""
[33.940s] -- Installing: /home/jetson/code/dofbot_ros2_ws/install/ros2_vision_arm_control/lib/libros2_vision_arm_control__rosidl_typesupport_introspection_cpp.so
[33.943s] -- Set runtime path of "/home/jetson/code/dofbot_ros2_ws/install/ros2_vision_arm_control/lib/libros2_vision_arm_control__rosidl_typesupport_introspection_cpp.so" to ""
[33.945s] -- Installing: /home/jetson/code/dofbot_ros2_ws/install/ros2_vision_arm_control/lib/libros2_vision_arm_control__rosidl_typesupport_cpp.so
[33.950s] -- Set runtime path of "/home/jetson/code/dofbot_ros2_ws/install/ros2_vision_arm_control/lib/libros2_vision_arm_control__rosidl_typesupport_cpp.so" to ""
[34.121s] Compiling '/home/jetson/code/dofbot_ros2_ws/install/ros2_vision_arm_control/lib/python3.8/site-packages/ros2_vision_arm_control/__init__.py'...
[34.343s] Listing '/home/jetson/code/dofbot_ros2_ws/install/ros2_vision_arm_control/lib/python3.8/site-packages/models'...
[34.344s] Compiling '/home/jetson/code/dofbot_ros2_ws/install/ros2_vision_arm_control/lib/python3.8/site-packages/models/__init__.py'...
[34.344s] Compiling '/home/jetson/code/dofbot_ros2_ws/install/ros2_vision_arm_control/lib/python3.8/site-packages/models/common.py'...
[34.345s] Compiling '/home/jetson/code/dofbot_ros2_ws/install/ros2_vision_arm_control/lib/python3.8/site-packages/models/experimental.py'...
[34.346s] Compiling '/home/jetson/code/dofbot_ros2_ws/install/ros2_vision_arm_control/lib/python3.8/site-packages/models/export.py'...
[34.346s] Listing '/home/jetson/code/dofbot_ros2_ws/install/ros2_vision_arm_control/lib/python3.8/site-packages/models/hub'...
[34.347s] Compiling '/home/jetson/code/dofbot_ros2_ws/install/ros2_vision_arm_control/lib/python3.8/site-packages/models/yolo.py'...
[34.634s] Listing '/home/jetson/code/dofbot_ros2_ws/install/ros2_vision_arm_control/lib/python3.8/site-packages/utils'...
[34.634s] Compiling '/home/jetson/code/dofbot_ros2_ws/install/ros2_vision_arm_control/lib/python3.8/site-packages/utils/__init__.py'...
[34.635s] Compiling '/home/jetson/code/dofbot_ros2_ws/install/ros2_vision_arm_control/lib/python3.8/site-packages/utils/activations.py'...
[34.636s] Compiling '/home/jetson/code/dofbot_ros2_ws/install/ros2_vision_arm_control/lib/python3.8/site-packages/utils/datasets.py'...
[34.636s] Compiling '/home/jetson/code/dofbot_ros2_ws/install/ros2_vision_arm_control/lib/python3.8/site-packages/utils/general.py'...
[34.637s] Compiling '/home/jetson/code/dofbot_ros2_ws/install/ros2_vision_arm_control/lib/python3.8/site-packages/utils/google_utils.py'...
[34.637s] Compiling '/home/jetson/code/dofbot_ros2_ws/install/ros2_vision_arm_control/lib/python3.8/site-packages/utils/ikpy_utils.py'...
[34.638s] Compiling '/home/jetson/code/dofbot_ros2_ws/install/ros2_vision_arm_control/lib/python3.8/site-packages/utils/torch_utils.py'...
[34.661s] -- Installing: /home/jetson/code/dofbot_ros2_ws/install/ros2_vision_arm_control/share/ros2_vision_arm_control/cmake/ros2_vision_arm_control__rosidl_generator_cExport.cmake
[34.662s] -- Installing: /home/jetson/code/dofbot_ros2_ws/install/ros2_vision_arm_control/share/ros2_vision_arm_control/cmake/ros2_vision_arm_control__rosidl_generator_cExport-noconfig.cmake
[34.663s] -- Installing: /home/jetson/code/dofbot_ros2_ws/install/ros2_vision_arm_control/share/ros2_vision_arm_control/cmake/ros2_vision_arm_control__rosidl_typesupport_introspection_cExport.cmake
[34.664s] -- Installing: /home/jetson/code/dofbot_ros2_ws/install/ros2_vision_arm_control/share/ros2_vision_arm_control/cmake/ros2_vision_arm_control__rosidl_typesupport_introspection_cExport-noconfig.cmake
[34.665s] -- Installing: /home/jetson/code/dofbot_ros2_ws/install/ros2_vision_arm_control/share/ros2_vision_arm_control/cmake/ros2_vision_arm_control__rosidl_typesupport_cExport.cmake
[34.666s] -- Installing: /home/jetson/code/dofbot_ros2_ws/install/ros2_vision_arm_control/share/ros2_vision_arm_control/cmake/ros2_vision_arm_control__rosidl_typesupport_cExport-noconfig.cmake
[34.667s] -- Installing: /home/jetson/code/dofbot_ros2_ws/install/ros2_vision_arm_control/share/ros2_vision_arm_control/cmake/ros2_vision_arm_control__rosidl_generator_cppExport.cmake
[34.668s] -- Installing: /home/jetson/code/dofbot_ros2_ws/install/ros2_vision_arm_control/share/ros2_vision_arm_control/cmake/ros2_vision_arm_control__rosidl_typesupport_introspection_cppExport.cmake
[34.669s] -- Installing: /home/jetson/code/dofbot_ros2_ws/install/ros2_vision_arm_control/share/ros2_vision_arm_control/cmake/ros2_vision_arm_control__rosidl_typesupport_introspection_cppExport-noconfig.cmake
[34.670s] -- Installing: /home/jetson/code/dofbot_ros2_ws/install/ros2_vision_arm_control/share/ros2_vision_arm_control/cmake/ros2_vision_arm_control__rosidl_typesupport_cppExport.cmake
[34.671s] -- Installing: /home/jetson/code/dofbot_ros2_ws/install/ros2_vision_arm_control/share/ros2_vision_arm_control/cmake/ros2_vision_arm_control__rosidl_typesupport_cppExport-noconfig.cmake
[34.682s] Invoked command in '/home/jetson/code/dofbot_ros2_ws/build/ros2_vision_arm_control' returned '0': CMAKE_PREFIX_PATH=${CMAKE_PREFIX_PATH}:/home/jetson/code/cv_bridge_ws/install/opencv_tests:/opt/ros/foxy /usr/bin/cmake --install /home/jetson/code/dofbot_ros2_ws/build/ros2_vision_arm_control
