[0.957s] DEBUG:colcon:Command line arguments: ['/usr/bin/colcon', 'build', '--event-handlers', 'console_cohesion+']
[0.957s] DEBUG:colcon:Parsed command line arguments: Namespace(allow_overriding=[], ament_cmake_args=None, base_paths=['.'], build_base='build', catkin_cmake_args=None, catkin_skip_building_tests=False, cmake_args=None, cmake_clean_cache=False, cmake_clean_first=False, cmake_force_configure=False, cmake_target=None, cmake_target_skip_unavailable=False, continue_on_error=False, event_handlers=['console_cohesion+'], executor='parallel', ignore_user_meta=False, install_base='install', log_base=None, log_level=None, main=<bound method BuildVerb.main of <colcon_core.verb.build.BuildVerb object at 0x7f79849100>>, merge_install=False, metas=['./colcon.meta'], packages_above=None, packages_above_and_dependencies=None, packages_above_depth=None, packages_end=None, packages_ignore=None, packages_ignore_regex=None, packages_select=None, packages_select_build_failed=False, packages_select_by_dep=None, packages_select_regex=None, packages_select_test_failures=False, packages_skip=None, packages_skip_build_finished=False, packages_skip_by_dep=None, packages_skip_regex=None, packages_skip_test_passed=False, packages_skip_up_to=None, packages_start=None, packages_up_to=None, packages_up_to_regex=None, parallel_workers=4, paths=None, symlink_install=False, test_result_base=None, verb_extension=<colcon_core.verb.build.BuildVerb object at 0x7f79849100>, verb_name='build', verb_parser=<colcon_defaults.argument_parser.defaults.DefaultArgumentsDecorator object at 0x7f79708d30>)
[2.099s] Level 1:colcon.colcon_core.package_discovery:discover_packages(colcon_meta) check parameters
[2.100s] Level 1:colcon.colcon_core.package_discovery:discover_packages(recursive) check parameters
[2.100s] Level 1:colcon.colcon_core.package_discovery:discover_packages(ignore) check parameters
[2.101s] Level 1:colcon.colcon_core.package_discovery:discover_packages(path) check parameters
[2.101s] Level 1:colcon.colcon_core.package_discovery:discover_packages(colcon_meta) discover
[2.101s] Level 1:colcon.colcon_core.package_discovery:discover_packages(recursive) discover
[2.101s] INFO:colcon.colcon_core.package_discovery:Crawling recursively for packages in '/home/jetson/code/dofbot_ros2_ws/src/ros2_vision_arm_control'
[2.102s] Level 1:colcon.colcon_core.package_identification:_identify(.) by extensions ['ignore', 'ignore_ament_install']
[2.103s] Level 1:colcon.colcon_core.package_identification:_identify(.) by extension 'ignore'
[2.103s] Level 1:colcon.colcon_core.package_identification:_identify(.) by extension 'ignore_ament_install'
[2.104s] Level 1:colcon.colcon_core.package_identification:_identify(.) by extensions ['colcon_pkg']
[2.104s] Level 1:colcon.colcon_core.package_identification:_identify(.) by extension 'colcon_pkg'
[2.104s] Level 1:colcon.colcon_core.package_identification:_identify(.) by extensions ['colcon_meta']
[2.105s] Level 1:colcon.colcon_core.package_identification:_identify(.) by extension 'colcon_meta'
[2.105s] Level 1:colcon.colcon_core.package_identification:_identify(.) by extensions ['ros']
[2.106s] Level 1:colcon.colcon_core.package_identification:_identify(.) by extension 'ros'
[2.235s] DEBUG:colcon.colcon_core.package_identification:Package '.' with type 'ros.ament_cmake' and name 'ros2_vision_arm_control'
[2.235s] Level 1:colcon.colcon_core.package_discovery:discover_packages(recursive) using defaults
[2.235s] Level 1:colcon.colcon_core.package_discovery:discover_packages(ignore) discover
[2.236s] Level 1:colcon.colcon_core.package_discovery:discover_packages(ignore) using defaults
[2.236s] Level 1:colcon.colcon_core.package_discovery:discover_packages(path) discover
[2.236s] Level 1:colcon.colcon_core.package_discovery:discover_packages(path) using defaults
[2.330s] Level 1:colcon.colcon_core.package_discovery:discover_packages(prefix_path) check parameters
[2.331s] Level 1:colcon.colcon_core.package_discovery:discover_packages(prefix_path) discover
[2.346s] DEBUG:colcon.colcon_installed_package_information.package_discovery:Found 1 installed packages in /home/jetson/code/dofbot_ros2_ws/install
[2.349s] DEBUG:colcon.colcon_installed_package_information.package_discovery:Found 4 installed packages in /home/jetson/code/cv_bridge_ws/install
[2.357s] DEBUG:colcon.colcon_installed_package_information.package_discovery:Found 288 installed packages in /opt/ros/foxy
[2.368s] Level 1:colcon.colcon_core.package_discovery:discover_packages(prefix_path) using defaults
[2.757s] Level 5:colcon.colcon_core.verb:set package 'ros2_vision_arm_control' build argument 'cmake_args' from command line to 'None'
[2.758s] Level 5:colcon.colcon_core.verb:set package 'ros2_vision_arm_control' build argument 'cmake_target' from command line to 'None'
[2.758s] Level 5:colcon.colcon_core.verb:set package 'ros2_vision_arm_control' build argument 'cmake_target_skip_unavailable' from command line to 'False'
[2.758s] Level 5:colcon.colcon_core.verb:set package 'ros2_vision_arm_control' build argument 'cmake_clean_cache' from command line to 'False'
[2.758s] Level 5:colcon.colcon_core.verb:set package 'ros2_vision_arm_control' build argument 'cmake_clean_first' from command line to 'False'
[2.758s] Level 5:colcon.colcon_core.verb:set package 'ros2_vision_arm_control' build argument 'cmake_force_configure' from command line to 'False'
[2.758s] Level 5:colcon.colcon_core.verb:set package 'ros2_vision_arm_control' build argument 'ament_cmake_args' from command line to 'None'
[2.758s] Level 5:colcon.colcon_core.verb:set package 'ros2_vision_arm_control' build argument 'catkin_cmake_args' from command line to 'None'
[2.759s] Level 5:colcon.colcon_core.verb:set package 'ros2_vision_arm_control' build argument 'catkin_skip_building_tests' from command line to 'False'
[2.759s] DEBUG:colcon.colcon_core.verb:Building package 'ros2_vision_arm_control' with the following arguments: {'ament_cmake_args': None, 'build_base': '/home/jetson/code/dofbot_ros2_ws/src/ros2_vision_arm_control/build/ros2_vision_arm_control', 'catkin_cmake_args': None, 'catkin_skip_building_tests': False, 'cmake_args': None, 'cmake_clean_cache': False, 'cmake_clean_first': False, 'cmake_force_configure': False, 'cmake_target': None, 'cmake_target_skip_unavailable': False, 'install_base': '/home/jetson/code/dofbot_ros2_ws/src/ros2_vision_arm_control/install/ros2_vision_arm_control', 'merge_install': False, 'path': '/home/jetson/code/dofbot_ros2_ws/src/ros2_vision_arm_control', 'symlink_install': False, 'test_result_base': None}
[2.759s] INFO:colcon.colcon_core.executor:Executing jobs using 'parallel' executor
[2.764s] DEBUG:colcon.colcon_parallel_executor.executor.parallel:run_until_complete
[2.765s] INFO:colcon.colcon_ros.task.ament_cmake.build:Building ROS package in '/home/jetson/code/dofbot_ros2_ws/src/ros2_vision_arm_control' with build type 'ament_cmake'
[2.765s] INFO:colcon.colcon_cmake.task.cmake.build:Building CMake package in '/home/jetson/code/dofbot_ros2_ws/src/ros2_vision_arm_control'
[2.774s] INFO:colcon.colcon_core.plugin_system:Skipping extension 'colcon_core.shell.bat': Not used on non-Windows systems
[2.775s] INFO:colcon.colcon_core.shell:Skip shell extension 'powershell' for command environment: Not usable outside of PowerShell
[2.775s] DEBUG:colcon.colcon_core.shell:Skip shell extension 'dsv' for command environment
[2.814s] DEBUG:colcon.colcon_core.event_handler.log_command:Invoking command in '/home/jetson/code/dofbot_ros2_ws/src/ros2_vision_arm_control/build/ros2_vision_arm_control': CMAKE_PREFIX_PATH=${CMAKE_PREFIX_PATH}:/home/jetson/code/dofbot_ros2_ws/install/ros2_vision_arm_control:/home/jetson/code/cv_bridge_ws/install/opencv_tests:/opt/ros/foxy /usr/bin/cmake /home/jetson/code/dofbot_ros2_ws/src/ros2_vision_arm_control -DCMAKE_INSTALL_PREFIX=/home/jetson/code/dofbot_ros2_ws/src/ros2_vision_arm_control/install/ros2_vision_arm_control
[6.666s] DEBUG:colcon.colcon_parallel_executor.executor.parallel:run_until_complete was interrupted
[6.667s] DEBUG:colcon.colcon_parallel_executor.executor.parallel:run_until_complete again
[6.755s] DEBUG:colcon.colcon_core.event_handler.log_command:Invoked command in '/home/jetson/code/dofbot_ros2_ws/src/ros2_vision_arm_control/build/ros2_vision_arm_control' returned '-2': CMAKE_PREFIX_PATH=${CMAKE_PREFIX_PATH}:/home/jetson/code/dofbot_ros2_ws/install/ros2_vision_arm_control:/home/jetson/code/cv_bridge_ws/install/opencv_tests:/opt/ros/foxy /usr/bin/cmake /home/jetson/code/dofbot_ros2_ws/src/ros2_vision_arm_control -DCMAKE_INSTALL_PREFIX=/home/jetson/code/dofbot_ros2_ws/src/ros2_vision_arm_control/install/ros2_vision_arm_control
[6.756s] Level 1:colcon.colcon_core.environment:create_environment_scripts_only(ros2_vision_arm_control)
[6.768s] Level 1:colcon.colcon_core.environment:checking '/home/jetson/code/dofbot_ros2_ws/src/ros2_vision_arm_control/install/ros2_vision_arm_control' for CMake module files
[6.770s] Level 1:colcon.colcon_core.environment:checking '/home/jetson/code/dofbot_ros2_ws/src/ros2_vision_arm_control/install/ros2_vision_arm_control' for CMake config files
[6.772s] Level 1:colcon.colcon_core.environment:checking '/home/jetson/code/dofbot_ros2_ws/src/ros2_vision_arm_control/install/ros2_vision_arm_control/bin'
[6.772s] Level 1:colcon.colcon_core.environment:checking '/home/jetson/code/dofbot_ros2_ws/src/ros2_vision_arm_control/install/ros2_vision_arm_control/lib/pkgconfig/ros2_vision_arm_control.pc'
[6.773s] Level 1:colcon.colcon_core.environment:checking '/home/jetson/code/dofbot_ros2_ws/src/ros2_vision_arm_control/install/ros2_vision_arm_control/lib/python3.8/site-packages'
[6.774s] Level 1:colcon.colcon_core.environment:checking '/home/jetson/code/dofbot_ros2_ws/src/ros2_vision_arm_control/install/ros2_vision_arm_control/bin'
[6.775s] INFO:colcon.colcon_core.shell:Creating package script '/home/jetson/code/dofbot_ros2_ws/src/ros2_vision_arm_control/install/ros2_vision_arm_control/share/ros2_vision_arm_control/package.ps1'
[6.780s] INFO:colcon.colcon_core.shell:Creating package descriptor '/home/jetson/code/dofbot_ros2_ws/src/ros2_vision_arm_control/install/ros2_vision_arm_control/share/ros2_vision_arm_control/package.dsv'
[6.783s] INFO:colcon.colcon_core.shell:Creating package script '/home/jetson/code/dofbot_ros2_ws/src/ros2_vision_arm_control/install/ros2_vision_arm_control/share/ros2_vision_arm_control/package.sh'
[6.786s] INFO:colcon.colcon_core.shell:Creating package script '/home/jetson/code/dofbot_ros2_ws/src/ros2_vision_arm_control/install/ros2_vision_arm_control/share/ros2_vision_arm_control/package.bash'
[6.790s] INFO:colcon.colcon_core.shell:Creating package script '/home/jetson/code/dofbot_ros2_ws/src/ros2_vision_arm_control/install/ros2_vision_arm_control/share/ros2_vision_arm_control/package.zsh'
[6.793s] Level 1:colcon.colcon_core.environment:create_file_with_runtime_dependencies(/home/jetson/code/dofbot_ros2_ws/src/ros2_vision_arm_control/install/ros2_vision_arm_control/share/colcon-core/packages/ros2_vision_arm_control)
[6.805s] DEBUG:colcon.colcon_parallel_executor.executor.parallel:run_until_complete finished
[6.805s] DEBUG:colcon.colcon_parallel_executor.executor.parallel:closing loop
[6.806s] DEBUG:colcon.colcon_parallel_executor.executor.parallel:loop closed
[6.806s] DEBUG:colcon.colcon_core.event_reactor:joining thread
[6.831s] INFO:colcon.colcon_core.plugin_system:Skipping extension 'colcon_notification.desktop_notification.terminal_notifier': Not used on non-Darwin systems
[6.831s] INFO:colcon.colcon_core.plugin_system:Skipping extension 'colcon_notification.desktop_notification.win32': Not used on non-Windows systems
[6.832s] INFO:colcon.colcon_notification.desktop_notification:Sending desktop notification using 'notify2'
[6.878s] DEBUG:colcon.colcon_notification.desktop_notification.notify2:Failed to initialize notify2: org.freedesktop.DBus.Error.Spawn.ChildExited: Process org.freedesktop.Notifications exited with status 1
[6.878s] DEBUG:colcon.colcon_core.event_reactor:joined thread
[6.879s] INFO:colcon.colcon_core.shell:Creating prefix script '/home/jetson/code/dofbot_ros2_ws/src/ros2_vision_arm_control/install/local_setup.ps1'
[6.884s] INFO:colcon.colcon_core.shell:Creating prefix util module '/home/jetson/code/dofbot_ros2_ws/src/ros2_vision_arm_control/install/_local_setup_util_ps1.py'
[6.892s] INFO:colcon.colcon_core.shell:Creating prefix chain script '/home/jetson/code/dofbot_ros2_ws/src/ros2_vision_arm_control/install/setup.ps1'
[6.898s] INFO:colcon.colcon_core.shell:Creating prefix script '/home/jetson/code/dofbot_ros2_ws/src/ros2_vision_arm_control/install/local_setup.sh'
[6.902s] INFO:colcon.colcon_core.shell:Creating prefix util module '/home/jetson/code/dofbot_ros2_ws/src/ros2_vision_arm_control/install/_local_setup_util_sh.py'
[6.905s] INFO:colcon.colcon_core.shell:Creating prefix chain script '/home/jetson/code/dofbot_ros2_ws/src/ros2_vision_arm_control/install/setup.sh'
[6.912s] INFO:colcon.colcon_core.shell:Creating prefix script '/home/jetson/code/dofbot_ros2_ws/src/ros2_vision_arm_control/install/local_setup.bash'
[6.915s] INFO:colcon.colcon_core.shell:Creating prefix chain script '/home/jetson/code/dofbot_ros2_ws/src/ros2_vision_arm_control/install/setup.bash'
[6.922s] INFO:colcon.colcon_core.shell:Creating prefix script '/home/jetson/code/dofbot_ros2_ws/src/ros2_vision_arm_control/install/local_setup.zsh'
[6.924s] INFO:colcon.colcon_core.shell:Creating prefix chain script '/home/jetson/code/dofbot_ros2_ws/src/ros2_vision_arm_control/install/setup.zsh'
