[2.543s] DEBUG:colcon:Command line arguments: ['/usr/bin/colcon', 'build', '--symlink-install']
[2.543s] DEBUG:colcon:Parsed command line arguments: Namespace(allow_overriding=[], ament_cmake_args=None, base_paths=['.'], build_base='build', catkin_cmake_args=None, catkin_skip_building_tests=False, cmake_args=None, cmake_clean_cache=False, cmake_clean_first=False, cmake_force_configure=False, cmake_target=None, cmake_target_skip_unavailable=False, continue_on_error=False, event_handlers=None, executor='parallel', ignore_user_meta=False, install_base='install', log_base=None, log_level=None, main=<bound method BuildVerb.main of <colcon_core.verb.build.BuildVerb object at 0x7f9eedd190>>, merge_install=False, metas=['./colcon.meta'], packages_above=None, packages_above_and_dependencies=None, packages_above_depth=None, packages_end=None, packages_ignore=None, packages_ignore_regex=None, packages_select=None, packages_select_build_failed=False, packages_select_by_dep=None, packages_select_regex=None, packages_select_test_failures=False, packages_skip=None, packages_skip_build_finished=False, packages_skip_by_dep=None, packages_skip_regex=None, packages_skip_test_passed=False, packages_skip_up_to=None, packages_start=None, packages_up_to=None, packages_up_to_regex=None, parallel_workers=4, paths=None, symlink_install=True, test_result_base=None, verb_extension=<colcon_core.verb.build.BuildVerb object at 0x7f9eedd190>, verb_name='build', verb_parser=<colcon_defaults.argument_parser.defaults.DefaultArgumentsDecorator object at 0x7f9ed9cf10>)
[4.923s] Level 1:colcon.colcon_core.package_discovery:discover_packages(colcon_meta) check parameters
[4.924s] Level 1:colcon.colcon_core.package_discovery:discover_packages(recursive) check parameters
[4.924s] Level 1:colcon.colcon_core.package_discovery:discover_packages(ignore) check parameters
[4.924s] Level 1:colcon.colcon_core.package_discovery:discover_packages(path) check parameters
[4.924s] Level 1:colcon.colcon_core.package_discovery:discover_packages(colcon_meta) discover
[4.925s] Level 1:colcon.colcon_core.package_discovery:discover_packages(recursive) discover
[4.925s] INFO:colcon.colcon_core.package_discovery:Crawling recursively for packages in '/home/jetson/code/dofbot_ros2_ws'
[4.925s] Level 1:colcon.colcon_core.package_identification:_identify(.) by extensions ['ignore', 'ignore_ament_install']
[4.926s] Level 1:colcon.colcon_core.package_identification:_identify(.) by extension 'ignore'
[4.926s] Level 1:colcon.colcon_core.package_identification:_identify(.) by extension 'ignore_ament_install'
[4.927s] Level 1:colcon.colcon_core.package_identification:_identify(.) by extensions ['colcon_pkg']
[4.927s] Level 1:colcon.colcon_core.package_identification:_identify(.) by extension 'colcon_pkg'
[4.927s] Level 1:colcon.colcon_core.package_identification:_identify(.) by extensions ['colcon_meta']
[4.927s] Level 1:colcon.colcon_core.package_identification:_identify(.) by extension 'colcon_meta'
[4.927s] Level 1:colcon.colcon_core.package_identification:_identify(.) by extensions ['ros']
[4.928s] Level 1:colcon.colcon_core.package_identification:_identify(.) by extension 'ros'
[5.178s] Level 1:colcon.colcon_core.package_identification:_identify(.) by extensions ['cmake', 'python']
[5.178s] Level 1:colcon.colcon_core.package_identification:_identify(.) by extension 'cmake'
[5.179s] Level 1:colcon.colcon_core.package_identification:_identify(.) by extension 'python'
[5.179s] Level 1:colcon.colcon_core.package_identification:_identify(.) by extensions ['python_setup_py']
[5.179s] Level 1:colcon.colcon_core.package_identification:_identify(.) by extension 'python_setup_py'
[5.180s] Level 1:colcon.colcon_core.package_identification:_identify(build) by extensions ['ignore', 'ignore_ament_install']
[5.180s] Level 1:colcon.colcon_core.package_identification:_identify(build) by extension 'ignore'
[5.180s] Level 1:colcon.colcon_core.package_identification:_identify(build) ignored
[5.181s] Level 1:colcon.colcon_core.package_identification:_identify(install) by extensions ['ignore', 'ignore_ament_install']
[5.181s] Level 1:colcon.colcon_core.package_identification:_identify(install) by extension 'ignore'
[5.182s] Level 1:colcon.colcon_core.package_identification:_identify(install) ignored
[5.182s] Level 1:colcon.colcon_core.package_identification:_identify(log) by extensions ['ignore', 'ignore_ament_install']
[5.183s] Level 1:colcon.colcon_core.package_identification:_identify(log) by extension 'ignore'
[5.183s] Level 1:colcon.colcon_core.package_identification:_identify(log) ignored
[5.183s] Level 1:colcon.colcon_core.package_identification:_identify(src) by extensions ['ignore', 'ignore_ament_install']
[5.184s] Level 1:colcon.colcon_core.package_identification:_identify(src) by extension 'ignore'
[5.184s] Level 1:colcon.colcon_core.package_identification:_identify(src) by extension 'ignore_ament_install'
[5.184s] Level 1:colcon.colcon_core.package_identification:_identify(src) by extensions ['colcon_pkg']
[5.185s] Level 1:colcon.colcon_core.package_identification:_identify(src) by extension 'colcon_pkg'
[5.185s] Level 1:colcon.colcon_core.package_identification:_identify(src) by extensions ['colcon_meta']
[5.185s] Level 1:colcon.colcon_core.package_identification:_identify(src) by extension 'colcon_meta'
[5.186s] Level 1:colcon.colcon_core.package_identification:_identify(src) by extensions ['ros']
[5.186s] Level 1:colcon.colcon_core.package_identification:_identify(src) by extension 'ros'
[5.186s] Level 1:colcon.colcon_core.package_identification:_identify(src) by extensions ['cmake', 'python']
[5.186s] Level 1:colcon.colcon_core.package_identification:_identify(src) by extension 'cmake'
[5.187s] Level 1:colcon.colcon_core.package_identification:_identify(src) by extension 'python'
[5.187s] Level 1:colcon.colcon_core.package_identification:_identify(src) by extensions ['python_setup_py']
[5.187s] Level 1:colcon.colcon_core.package_identification:_identify(src) by extension 'python_setup_py'
[5.188s] Level 1:colcon.colcon_core.package_identification:_identify(src/ros2_vision_arm_control) by extensions ['ignore', 'ignore_ament_install']
[5.188s] Level 1:colcon.colcon_core.package_identification:_identify(src/ros2_vision_arm_control) by extension 'ignore'
[5.189s] Level 1:colcon.colcon_core.package_identification:_identify(src/ros2_vision_arm_control) by extension 'ignore_ament_install'
[5.189s] Level 1:colcon.colcon_core.package_identification:_identify(src/ros2_vision_arm_control) by extensions ['colcon_pkg']
[5.189s] Level 1:colcon.colcon_core.package_identification:_identify(src/ros2_vision_arm_control) by extension 'colcon_pkg'
[5.189s] Level 1:colcon.colcon_core.package_identification:_identify(src/ros2_vision_arm_control) by extensions ['colcon_meta']
[5.190s] Level 1:colcon.colcon_core.package_identification:_identify(src/ros2_vision_arm_control) by extension 'colcon_meta'
[5.190s] Level 1:colcon.colcon_core.package_identification:_identify(src/ros2_vision_arm_control) by extensions ['ros']
[5.190s] Level 1:colcon.colcon_core.package_identification:_identify(src/ros2_vision_arm_control) by extension 'ros'
[5.233s] DEBUG:colcon.colcon_core.package_identification:Package 'src/ros2_vision_arm_control' with type 'ros.ament_cmake' and name 'ros2_vision_arm_control'
[5.233s] Level 1:colcon.colcon_core.package_discovery:discover_packages(recursive) using defaults
[5.233s] Level 1:colcon.colcon_core.package_discovery:discover_packages(ignore) discover
[5.233s] Level 1:colcon.colcon_core.package_discovery:discover_packages(ignore) using defaults
[5.234s] Level 1:colcon.colcon_core.package_discovery:discover_packages(path) discover
[5.234s] Level 1:colcon.colcon_core.package_discovery:discover_packages(path) using defaults
[5.670s] Level 1:colcon.colcon_core.package_discovery:discover_packages(prefix_path) check parameters
[5.670s] Level 1:colcon.colcon_core.package_discovery:discover_packages(prefix_path) discover
[5.736s] WARNING:colcon.colcon_ros.prefix_path.ament:The path '/home/jetson/code/dofbot_ros2_ws/install/ros2_vision_arm_control' in the environment variable AMENT_PREFIX_PATH doesn't exist
[5.740s] WARNING:colcon.colcon_ros.prefix_path.catkin:The path '/home/jetson/code/dofbot_ros2_ws/install/ros2_vision_arm_control' in the environment variable CMAKE_PREFIX_PATH doesn't exist
[5.749s] DEBUG:colcon.colcon_installed_package_information.package_discovery:Found 0 installed packages in /home/jetson/code/dofbot_ros2_ws/install
[5.753s] DEBUG:colcon.colcon_installed_package_information.package_discovery:Found 4 installed packages in /home/jetson/code/cv_bridge_ws/install
[5.809s] DEBUG:colcon.colcon_installed_package_information.package_discovery:Found 288 installed packages in /opt/ros/foxy
[5.819s] Level 1:colcon.colcon_core.package_discovery:discover_packages(prefix_path) using defaults
[7.193s] Level 5:colcon.colcon_core.verb:set package 'ros2_vision_arm_control' build argument 'cmake_args' from command line to 'None'
[7.193s] Level 5:colcon.colcon_core.verb:set package 'ros2_vision_arm_control' build argument 'cmake_target' from command line to 'None'
[7.193s] Level 5:colcon.colcon_core.verb:set package 'ros2_vision_arm_control' build argument 'cmake_target_skip_unavailable' from command line to 'False'
[7.193s] Level 5:colcon.colcon_core.verb:set package 'ros2_vision_arm_control' build argument 'cmake_clean_cache' from command line to 'False'
[7.193s] Level 5:colcon.colcon_core.verb:set package 'ros2_vision_arm_control' build argument 'cmake_clean_first' from command line to 'False'
[7.194s] Level 5:colcon.colcon_core.verb:set package 'ros2_vision_arm_control' build argument 'cmake_force_configure' from command line to 'False'
[7.194s] Level 5:colcon.colcon_core.verb:set package 'ros2_vision_arm_control' build argument 'ament_cmake_args' from command line to 'None'
[7.194s] Level 5:colcon.colcon_core.verb:set package 'ros2_vision_arm_control' build argument 'catkin_cmake_args' from command line to 'None'
[7.194s] Level 5:colcon.colcon_core.verb:set package 'ros2_vision_arm_control' build argument 'catkin_skip_building_tests' from command line to 'False'
[7.194s] DEBUG:colcon.colcon_core.verb:Building package 'ros2_vision_arm_control' with the following arguments: {'ament_cmake_args': None, 'build_base': '/home/jetson/code/dofbot_ros2_ws/build/ros2_vision_arm_control', 'catkin_cmake_args': None, 'catkin_skip_building_tests': False, 'cmake_args': None, 'cmake_clean_cache': False, 'cmake_clean_first': False, 'cmake_force_configure': False, 'cmake_target': None, 'cmake_target_skip_unavailable': False, 'install_base': '/home/jetson/code/dofbot_ros2_ws/install/ros2_vision_arm_control', 'merge_install': False, 'path': '/home/jetson/code/dofbot_ros2_ws/src/ros2_vision_arm_control', 'symlink_install': True, 'test_result_base': None}
[7.195s] INFO:colcon.colcon_core.executor:Executing jobs using 'parallel' executor
[7.200s] DEBUG:colcon.colcon_parallel_executor.executor.parallel:run_until_complete
[7.201s] INFO:colcon.colcon_ros.task.ament_cmake.build:Building ROS package in '/home/jetson/code/dofbot_ros2_ws/src/ros2_vision_arm_control' with build type 'ament_cmake'
[7.201s] INFO:colcon.colcon_cmake.task.cmake.build:Building CMake package in '/home/jetson/code/dofbot_ros2_ws/src/ros2_vision_arm_control'
[7.221s] INFO:colcon.colcon_core.plugin_system:Skipping extension 'colcon_core.shell.bat': Not used on non-Windows systems
[7.221s] INFO:colcon.colcon_core.shell:Skip shell extension 'powershell' for command environment: Not usable outside of PowerShell
[7.222s] DEBUG:colcon.colcon_core.shell:Skip shell extension 'dsv' for command environment
[7.294s] DEBUG:colcon.colcon_core.event_handler.log_command:Invoking command in '/home/jetson/code/dofbot_ros2_ws/build/ros2_vision_arm_control': CMAKE_PREFIX_PATH=${CMAKE_PREFIX_PATH}:/home/jetson/code/cv_bridge_ws/install/opencv_tests:/opt/ros/foxy /usr/bin/cmake /home/jetson/code/dofbot_ros2_ws/src/ros2_vision_arm_control -DAMENT_CMAKE_SYMLINK_INSTALL=1 -DCMAKE_INSTALL_PREFIX=/home/jetson/code/dofbot_ros2_ws/install/ros2_vision_arm_control
[21.646s] DEBUG:colcon.colcon_core.event_handler.log_command:Invoked command in '/home/jetson/code/dofbot_ros2_ws/build/ros2_vision_arm_control' returned '0': CMAKE_PREFIX_PATH=${CMAKE_PREFIX_PATH}:/home/jetson/code/cv_bridge_ws/install/opencv_tests:/opt/ros/foxy /usr/bin/cmake /home/jetson/code/dofbot_ros2_ws/src/ros2_vision_arm_control -DAMENT_CMAKE_SYMLINK_INSTALL=1 -DCMAKE_INSTALL_PREFIX=/home/jetson/code/dofbot_ros2_ws/install/ros2_vision_arm_control
[21.649s] DEBUG:colcon.colcon_core.event_handler.log_command:Invoking command in '/home/jetson/code/dofbot_ros2_ws/build/ros2_vision_arm_control': CMAKE_PREFIX_PATH=${CMAKE_PREFIX_PATH}:/home/jetson/code/cv_bridge_ws/install/opencv_tests:/opt/ros/foxy /usr/bin/cmake --build /home/jetson/code/dofbot_ros2_ws/build/ros2_vision_arm_control -- -j4 -l4
[36.971s] DEBUG:colcon.colcon_core.event_handler.log_command:Invoked command in '/home/jetson/code/dofbot_ros2_ws/build/ros2_vision_arm_control' returned '0': CMAKE_PREFIX_PATH=${CMAKE_PREFIX_PATH}:/home/jetson/code/cv_bridge_ws/install/opencv_tests:/opt/ros/foxy /usr/bin/cmake --build /home/jetson/code/dofbot_ros2_ws/build/ros2_vision_arm_control -- -j4 -l4
[37.018s] DEBUG:colcon.colcon_core.event_handler.log_command:Invoking command in '/home/jetson/code/dofbot_ros2_ws/build/ros2_vision_arm_control': CMAKE_PREFIX_PATH=${CMAKE_PREFIX_PATH}:/home/jetson/code/cv_bridge_ws/install/opencv_tests:/opt/ros/foxy /usr/bin/cmake --install /home/jetson/code/dofbot_ros2_ws/build/ros2_vision_arm_control
[41.883s] Level 1:colcon.colcon_core.environment:create_environment_scripts_only(ros2_vision_arm_control)
[41.887s] DEBUG:colcon.colcon_core.event_handler.log_command:Invoked command in '/home/jetson/code/dofbot_ros2_ws/build/ros2_vision_arm_control' returned '0': CMAKE_PREFIX_PATH=${CMAKE_PREFIX_PATH}:/home/jetson/code/cv_bridge_ws/install/opencv_tests:/opt/ros/foxy /usr/bin/cmake --install /home/jetson/code/dofbot_ros2_ws/build/ros2_vision_arm_control
[41.910s] Level 1:colcon.colcon_core.environment:checking '/home/jetson/code/dofbot_ros2_ws/install/ros2_vision_arm_control' for CMake module files
[41.915s] Level 1:colcon.colcon_core.environment:checking '/home/jetson/code/dofbot_ros2_ws/install/ros2_vision_arm_control' for CMake config files
[41.921s] Level 1:colcon.colcon_core.shell:create_environment_hook('ros2_vision_arm_control', 'cmake_prefix_path')
[41.922s] INFO:colcon.colcon_core.shell:Creating environment hook '/home/jetson/code/dofbot_ros2_ws/install/ros2_vision_arm_control/share/ros2_vision_arm_control/hook/cmake_prefix_path.ps1'
[41.928s] INFO:colcon.colcon_core.shell:Creating environment descriptor '/home/jetson/code/dofbot_ros2_ws/install/ros2_vision_arm_control/share/ros2_vision_arm_control/hook/cmake_prefix_path.dsv'
[41.931s] INFO:colcon.colcon_core.shell:Creating environment hook '/home/jetson/code/dofbot_ros2_ws/install/ros2_vision_arm_control/share/ros2_vision_arm_control/hook/cmake_prefix_path.sh'
[41.935s] Level 1:colcon.colcon_core.environment:checking '/home/jetson/code/dofbot_ros2_ws/install/ros2_vision_arm_control/lib'
[41.936s] Level 1:colcon.colcon_core.shell:create_environment_hook('ros2_vision_arm_control', 'ld_library_path_lib')
[41.938s] INFO:colcon.colcon_core.shell:Creating environment hook '/home/jetson/code/dofbot_ros2_ws/install/ros2_vision_arm_control/share/ros2_vision_arm_control/hook/ld_library_path_lib.ps1'
[41.940s] INFO:colcon.colcon_core.shell:Creating environment descriptor '/home/jetson/code/dofbot_ros2_ws/install/ros2_vision_arm_control/share/ros2_vision_arm_control/hook/ld_library_path_lib.dsv'
[41.942s] INFO:colcon.colcon_core.shell:Creating environment hook '/home/jetson/code/dofbot_ros2_ws/install/ros2_vision_arm_control/share/ros2_vision_arm_control/hook/ld_library_path_lib.sh'
[41.944s] Level 1:colcon.colcon_core.environment:checking '/home/jetson/code/dofbot_ros2_ws/install/ros2_vision_arm_control/bin'
[41.944s] Level 1:colcon.colcon_core.environment:checking '/home/jetson/code/dofbot_ros2_ws/install/ros2_vision_arm_control/lib/pkgconfig/ros2_vision_arm_control.pc'
[41.945s] Level 1:colcon.colcon_core.environment:checking '/home/jetson/code/dofbot_ros2_ws/install/ros2_vision_arm_control/lib/python3.8/site-packages'
[41.946s] Level 1:colcon.colcon_core.shell:create_environment_hook('ros2_vision_arm_control', 'pythonpath')
[41.947s] INFO:colcon.colcon_core.shell:Creating environment hook '/home/jetson/code/dofbot_ros2_ws/install/ros2_vision_arm_control/share/ros2_vision_arm_control/hook/pythonpath.ps1'
[41.949s] INFO:colcon.colcon_core.shell:Creating environment descriptor '/home/jetson/code/dofbot_ros2_ws/install/ros2_vision_arm_control/share/ros2_vision_arm_control/hook/pythonpath.dsv'
[41.951s] INFO:colcon.colcon_core.shell:Creating environment hook '/home/jetson/code/dofbot_ros2_ws/install/ros2_vision_arm_control/share/ros2_vision_arm_control/hook/pythonpath.sh'
[41.954s] Level 1:colcon.colcon_core.environment:checking '/home/jetson/code/dofbot_ros2_ws/install/ros2_vision_arm_control/bin'
[41.956s] INFO:colcon.colcon_core.shell:Creating package script '/home/jetson/code/dofbot_ros2_ws/install/ros2_vision_arm_control/share/ros2_vision_arm_control/package.ps1'
[41.961s] INFO:colcon.colcon_core.shell:Creating package descriptor '/home/jetson/code/dofbot_ros2_ws/install/ros2_vision_arm_control/share/ros2_vision_arm_control/package.dsv'
[41.965s] INFO:colcon.colcon_core.shell:Creating package script '/home/jetson/code/dofbot_ros2_ws/install/ros2_vision_arm_control/share/ros2_vision_arm_control/package.sh'
[41.969s] INFO:colcon.colcon_core.shell:Creating package script '/home/jetson/code/dofbot_ros2_ws/install/ros2_vision_arm_control/share/ros2_vision_arm_control/package.bash'
[41.974s] INFO:colcon.colcon_core.shell:Creating package script '/home/jetson/code/dofbot_ros2_ws/install/ros2_vision_arm_control/share/ros2_vision_arm_control/package.zsh'
[41.979s] Level 1:colcon.colcon_core.environment:create_file_with_runtime_dependencies(/home/jetson/code/dofbot_ros2_ws/install/ros2_vision_arm_control/share/colcon-core/packages/ros2_vision_arm_control)
[41.983s] Level 1:colcon.colcon_core.environment:create_environment_scripts_only(ros2_vision_arm_control)
[41.984s] Level 1:colcon.colcon_core.environment:checking '/home/jetson/code/dofbot_ros2_ws/install/ros2_vision_arm_control' for CMake module files
[41.989s] Level 1:colcon.colcon_core.environment:checking '/home/jetson/code/dofbot_ros2_ws/install/ros2_vision_arm_control' for CMake config files
[41.998s] Level 1:colcon.colcon_core.shell:create_environment_hook('ros2_vision_arm_control', 'cmake_prefix_path')
[42.000s] INFO:colcon.colcon_core.shell:Creating environment hook '/home/jetson/code/dofbot_ros2_ws/install/ros2_vision_arm_control/share/ros2_vision_arm_control/hook/cmake_prefix_path.ps1'
[42.002s] INFO:colcon.colcon_core.shell:Creating environment descriptor '/home/jetson/code/dofbot_ros2_ws/install/ros2_vision_arm_control/share/ros2_vision_arm_control/hook/cmake_prefix_path.dsv'
[42.004s] INFO:colcon.colcon_core.shell:Creating environment hook '/home/jetson/code/dofbot_ros2_ws/install/ros2_vision_arm_control/share/ros2_vision_arm_control/hook/cmake_prefix_path.sh'
[42.006s] Level 1:colcon.colcon_core.environment:checking '/home/jetson/code/dofbot_ros2_ws/install/ros2_vision_arm_control/lib'
[42.007s] Level 1:colcon.colcon_core.shell:create_environment_hook('ros2_vision_arm_control', 'ld_library_path_lib')
[42.008s] INFO:colcon.colcon_core.shell:Creating environment hook '/home/jetson/code/dofbot_ros2_ws/install/ros2_vision_arm_control/share/ros2_vision_arm_control/hook/ld_library_path_lib.ps1'
[42.011s] INFO:colcon.colcon_core.shell:Creating environment descriptor '/home/jetson/code/dofbot_ros2_ws/install/ros2_vision_arm_control/share/ros2_vision_arm_control/hook/ld_library_path_lib.dsv'
[42.013s] INFO:colcon.colcon_core.shell:Creating environment hook '/home/jetson/code/dofbot_ros2_ws/install/ros2_vision_arm_control/share/ros2_vision_arm_control/hook/ld_library_path_lib.sh'
[42.015s] Level 1:colcon.colcon_core.environment:checking '/home/jetson/code/dofbot_ros2_ws/install/ros2_vision_arm_control/bin'
[42.015s] Level 1:colcon.colcon_core.environment:checking '/home/jetson/code/dofbot_ros2_ws/install/ros2_vision_arm_control/lib/pkgconfig/ros2_vision_arm_control.pc'
[42.016s] Level 1:colcon.colcon_core.environment:checking '/home/jetson/code/dofbot_ros2_ws/install/ros2_vision_arm_control/lib/python3.8/site-packages'
[42.017s] Level 1:colcon.colcon_core.shell:create_environment_hook('ros2_vision_arm_control', 'pythonpath')
[42.018s] INFO:colcon.colcon_core.shell:Creating environment hook '/home/jetson/code/dofbot_ros2_ws/install/ros2_vision_arm_control/share/ros2_vision_arm_control/hook/pythonpath.ps1'
[42.020s] INFO:colcon.colcon_core.shell:Creating environment descriptor '/home/jetson/code/dofbot_ros2_ws/install/ros2_vision_arm_control/share/ros2_vision_arm_control/hook/pythonpath.dsv'
[42.022s] INFO:colcon.colcon_core.shell:Creating environment hook '/home/jetson/code/dofbot_ros2_ws/install/ros2_vision_arm_control/share/ros2_vision_arm_control/hook/pythonpath.sh'
[42.025s] Level 1:colcon.colcon_core.environment:checking '/home/jetson/code/dofbot_ros2_ws/install/ros2_vision_arm_control/bin'
[42.027s] INFO:colcon.colcon_core.shell:Creating package script '/home/jetson/code/dofbot_ros2_ws/install/ros2_vision_arm_control/share/ros2_vision_arm_control/package.ps1'
[42.030s] INFO:colcon.colcon_core.shell:Creating package descriptor '/home/jetson/code/dofbot_ros2_ws/install/ros2_vision_arm_control/share/ros2_vision_arm_control/package.dsv'
[42.033s] INFO:colcon.colcon_core.shell:Creating package script '/home/jetson/code/dofbot_ros2_ws/install/ros2_vision_arm_control/share/ros2_vision_arm_control/package.sh'
[42.036s] INFO:colcon.colcon_core.shell:Creating package script '/home/jetson/code/dofbot_ros2_ws/install/ros2_vision_arm_control/share/ros2_vision_arm_control/package.bash'
[42.038s] INFO:colcon.colcon_core.shell:Creating package script '/home/jetson/code/dofbot_ros2_ws/install/ros2_vision_arm_control/share/ros2_vision_arm_control/package.zsh'
[42.040s] Level 1:colcon.colcon_core.environment:create_file_with_runtime_dependencies(/home/jetson/code/dofbot_ros2_ws/install/ros2_vision_arm_control/share/colcon-core/packages/ros2_vision_arm_control)
[42.041s] DEBUG:colcon.colcon_parallel_executor.executor.parallel:closing loop
[42.043s] DEBUG:colcon.colcon_parallel_executor.executor.parallel:loop closed
[42.043s] DEBUG:colcon.colcon_parallel_executor.executor.parallel:run_until_complete finished with '0'
[42.043s] DEBUG:colcon.colcon_core.event_reactor:joining thread
[42.085s] INFO:colcon.colcon_core.plugin_system:Skipping extension 'colcon_notification.desktop_notification.terminal_notifier': Not used on non-Darwin systems
[42.086s] INFO:colcon.colcon_core.plugin_system:Skipping extension 'colcon_notification.desktop_notification.win32': Not used on non-Windows systems
[42.086s] INFO:colcon.colcon_notification.desktop_notification:Sending desktop notification using 'notify2'
[42.298s] DEBUG:colcon.colcon_notification.desktop_notification.notify2:Failed to initialize notify2: org.freedesktop.DBus.Error.Spawn.ChildExited: Process org.freedesktop.Notifications exited with status 1
[42.299s] DEBUG:colcon.colcon_core.event_reactor:joined thread
[42.300s] INFO:colcon.colcon_core.shell:Creating prefix script '/home/jetson/code/dofbot_ros2_ws/install/local_setup.ps1'
[42.305s] INFO:colcon.colcon_core.shell:Creating prefix util module '/home/jetson/code/dofbot_ros2_ws/install/_local_setup_util_ps1.py'
[42.313s] INFO:colcon.colcon_core.shell:Creating prefix chain script '/home/jetson/code/dofbot_ros2_ws/install/setup.ps1'
[42.320s] INFO:colcon.colcon_core.shell:Creating prefix script '/home/jetson/code/dofbot_ros2_ws/install/local_setup.sh'
[42.324s] INFO:colcon.colcon_core.shell:Creating prefix util module '/home/jetson/code/dofbot_ros2_ws/install/_local_setup_util_sh.py'
[42.326s] INFO:colcon.colcon_core.shell:Creating prefix chain script '/home/jetson/code/dofbot_ros2_ws/install/setup.sh'
[42.334s] INFO:colcon.colcon_core.shell:Creating prefix script '/home/jetson/code/dofbot_ros2_ws/install/local_setup.bash'
[42.337s] INFO:colcon.colcon_core.shell:Creating prefix chain script '/home/jetson/code/dofbot_ros2_ws/install/setup.bash'
[42.343s] INFO:colcon.colcon_core.shell:Creating prefix script '/home/jetson/code/dofbot_ros2_ws/install/local_setup.zsh'
[42.346s] INFO:colcon.colcon_core.shell:Creating prefix chain script '/home/jetson/code/dofbot_ros2_ws/install/setup.zsh'
