[1.054s] DEBUG:colcon:Command line arguments: ['/usr/bin/colcon', 'build', '--symlink-install']
[1.054s] DEBUG:colcon:Parsed command line arguments: Namespace(allow_overriding=[], ament_cmake_args=None, base_paths=['.'], build_base='build', catkin_cmake_args=None, catkin_skip_building_tests=False, cmake_args=None, cmake_clean_cache=False, cmake_clean_first=False, cmake_force_configure=False, cmake_target=None, cmake_target_skip_unavailable=False, continue_on_error=False, event_handlers=None, executor='parallel', ignore_user_meta=False, install_base='install', log_base=None, log_level=None, main=<bound method BuildVerb.main of <colcon_core.verb.build.BuildVerb object at 0x7f91ec4190>>, merge_install=False, metas=['./colcon.meta'], packages_above=None, packages_above_and_dependencies=None, packages_above_depth=None, packages_end=None, packages_ignore=None, packages_ignore_regex=None, packages_select=None, packages_select_build_failed=False, packages_select_by_dep=None, packages_select_regex=None, packages_select_test_failures=False, packages_skip=None, packages_skip_build_finished=False, packages_skip_by_dep=None, packages_skip_regex=None, packages_skip_test_passed=False, packages_skip_up_to=None, packages_start=None, packages_up_to=None, packages_up_to_regex=None, parallel_workers=4, paths=None, symlink_install=True, test_result_base=None, verb_extension=<colcon_core.verb.build.BuildVerb object at 0x7f91ec4190>, verb_name='build', verb_parser=<colcon_defaults.argument_parser.defaults.DefaultArgumentsDecorator object at 0x7f91d84f10>)
[2.279s] Level 1:colcon.colcon_core.package_discovery:discover_packages(colcon_meta) check parameters
[2.279s] Level 1:colcon.colcon_core.package_discovery:discover_packages(recursive) check parameters
[2.279s] Level 1:colcon.colcon_core.package_discovery:discover_packages(ignore) check parameters
[2.279s] Level 1:colcon.colcon_core.package_discovery:discover_packages(path) check parameters
[2.280s] Level 1:colcon.colcon_core.package_discovery:discover_packages(colcon_meta) discover
[2.280s] Level 1:colcon.colcon_core.package_discovery:discover_packages(recursive) discover
[2.280s] INFO:colcon.colcon_core.package_discovery:Crawling recursively for packages in '/home/jetson/code/dofbot_ros2_ws'
[2.281s] Level 1:colcon.colcon_core.package_identification:_identify(.) by extensions ['ignore', 'ignore_ament_install']
[2.281s] Level 1:colcon.colcon_core.package_identification:_identify(.) by extension 'ignore'
[2.281s] Level 1:colcon.colcon_core.package_identification:_identify(.) by extension 'ignore_ament_install'
[2.282s] Level 1:colcon.colcon_core.package_identification:_identify(.) by extensions ['colcon_pkg']
[2.282s] Level 1:colcon.colcon_core.package_identification:_identify(.) by extension 'colcon_pkg'
[2.282s] Level 1:colcon.colcon_core.package_identification:_identify(.) by extensions ['colcon_meta']
[2.282s] Level 1:colcon.colcon_core.package_identification:_identify(.) by extension 'colcon_meta'
[2.282s] Level 1:colcon.colcon_core.package_identification:_identify(.) by extensions ['ros']
[2.283s] Level 1:colcon.colcon_core.package_identification:_identify(.) by extension 'ros'
[2.372s] Level 1:colcon.colcon_core.package_identification:_identify(.) by extensions ['cmake', 'python']
[2.372s] Level 1:colcon.colcon_core.package_identification:_identify(.) by extension 'cmake'
[2.373s] Level 1:colcon.colcon_core.package_identification:_identify(.) by extension 'python'
[2.373s] Level 1:colcon.colcon_core.package_identification:_identify(.) by extensions ['python_setup_py']
[2.373s] Level 1:colcon.colcon_core.package_identification:_identify(.) by extension 'python_setup_py'
[2.374s] Level 1:colcon.colcon_core.package_identification:_identify(build) by extensions ['ignore', 'ignore_ament_install']
[2.374s] Level 1:colcon.colcon_core.package_identification:_identify(build) by extension 'ignore'
[2.374s] Level 1:colcon.colcon_core.package_identification:_identify(build) ignored
[2.375s] Level 1:colcon.colcon_core.package_identification:_identify(install) by extensions ['ignore', 'ignore_ament_install']
[2.375s] Level 1:colcon.colcon_core.package_identification:_identify(install) by extension 'ignore'
[2.376s] Level 1:colcon.colcon_core.package_identification:_identify(install) ignored
[2.376s] Level 1:colcon.colcon_core.package_identification:_identify(log) by extensions ['ignore', 'ignore_ament_install']
[2.376s] Level 1:colcon.colcon_core.package_identification:_identify(log) by extension 'ignore'
[2.377s] Level 1:colcon.colcon_core.package_identification:_identify(log) ignored
[2.377s] Level 1:colcon.colcon_core.package_identification:_identify(src) by extensions ['ignore', 'ignore_ament_install']
[2.378s] Level 1:colcon.colcon_core.package_identification:_identify(src) by extension 'ignore'
[2.378s] Level 1:colcon.colcon_core.package_identification:_identify(src) by extension 'ignore_ament_install'
[2.378s] Level 1:colcon.colcon_core.package_identification:_identify(src) by extensions ['colcon_pkg']
[2.378s] Level 1:colcon.colcon_core.package_identification:_identify(src) by extension 'colcon_pkg'
[2.379s] Level 1:colcon.colcon_core.package_identification:_identify(src) by extensions ['colcon_meta']
[2.379s] Level 1:colcon.colcon_core.package_identification:_identify(src) by extension 'colcon_meta'
[2.379s] Level 1:colcon.colcon_core.package_identification:_identify(src) by extensions ['ros']
[2.380s] Level 1:colcon.colcon_core.package_identification:_identify(src) by extension 'ros'
[2.380s] Level 1:colcon.colcon_core.package_identification:_identify(src) by extensions ['cmake', 'python']
[2.380s] Level 1:colcon.colcon_core.package_identification:_identify(src) by extension 'cmake'
[2.381s] Level 1:colcon.colcon_core.package_identification:_identify(src) by extension 'python'
[2.381s] Level 1:colcon.colcon_core.package_identification:_identify(src) by extensions ['python_setup_py']
[2.381s] Level 1:colcon.colcon_core.package_identification:_identify(src) by extension 'python_setup_py'
[2.382s] Level 1:colcon.colcon_core.package_identification:_identify(src/ros2_vision_arm_control) by extensions ['ignore', 'ignore_ament_install']
[2.382s] Level 1:colcon.colcon_core.package_identification:_identify(src/ros2_vision_arm_control) by extension 'ignore'
[2.383s] Level 1:colcon.colcon_core.package_identification:_identify(src/ros2_vision_arm_control) by extension 'ignore_ament_install'
[2.383s] Level 1:colcon.colcon_core.package_identification:_identify(src/ros2_vision_arm_control) by extensions ['colcon_pkg']
[2.383s] Level 1:colcon.colcon_core.package_identification:_identify(src/ros2_vision_arm_control) by extension 'colcon_pkg'
[2.383s] Level 1:colcon.colcon_core.package_identification:_identify(src/ros2_vision_arm_control) by extensions ['colcon_meta']
[2.384s] Level 1:colcon.colcon_core.package_identification:_identify(src/ros2_vision_arm_control) by extension 'colcon_meta'
[2.384s] Level 1:colcon.colcon_core.package_identification:_identify(src/ros2_vision_arm_control) by extensions ['ros']
[2.384s] Level 1:colcon.colcon_core.package_identification:_identify(src/ros2_vision_arm_control) by extension 'ros'
[2.397s] DEBUG:colcon.colcon_core.package_identification:Package 'src/ros2_vision_arm_control' with type 'ros.ament_cmake' and name 'ros2_vision_arm_control'
[2.397s] Level 1:colcon.colcon_core.package_discovery:discover_packages(recursive) using defaults
[2.398s] Level 1:colcon.colcon_core.package_discovery:discover_packages(ignore) discover
[2.398s] Level 1:colcon.colcon_core.package_discovery:discover_packages(ignore) using defaults
[2.398s] Level 1:colcon.colcon_core.package_discovery:discover_packages(path) discover
[2.398s] Level 1:colcon.colcon_core.package_discovery:discover_packages(path) using defaults
[2.487s] Level 1:colcon.colcon_core.package_discovery:discover_packages(prefix_path) check parameters
[2.487s] Level 1:colcon.colcon_core.package_discovery:discover_packages(prefix_path) discover
[2.491s] WARNING:colcon.colcon_ros.prefix_path.ament:The path '/home/jetson/code/dofbot_ros2_ws/install/ros2_vision_arm_control' in the environment variable AMENT_PREFIX_PATH doesn't exist
[2.493s] WARNING:colcon.colcon_ros.prefix_path.catkin:The path '/home/jetson/code/dofbot_ros2_ws/install/ros2_vision_arm_control' in the environment variable CMAKE_PREFIX_PATH doesn't exist
[2.496s] DEBUG:colcon.colcon_installed_package_information.package_discovery:Found 0 installed packages in /home/jetson/code/dofbot_ros2_ws/install
[2.499s] DEBUG:colcon.colcon_installed_package_information.package_discovery:Found 4 installed packages in /home/jetson/code/cv_bridge_ws/install
[2.507s] DEBUG:colcon.colcon_installed_package_information.package_discovery:Found 288 installed packages in /opt/ros/foxy
[2.518s] Level 1:colcon.colcon_core.package_discovery:discover_packages(prefix_path) using defaults
[2.874s] Level 5:colcon.colcon_core.verb:set package 'ros2_vision_arm_control' build argument 'cmake_args' from command line to 'None'
[2.874s] Level 5:colcon.colcon_core.verb:set package 'ros2_vision_arm_control' build argument 'cmake_target' from command line to 'None'
[2.875s] Level 5:colcon.colcon_core.verb:set package 'ros2_vision_arm_control' build argument 'cmake_target_skip_unavailable' from command line to 'False'
[2.875s] Level 5:colcon.colcon_core.verb:set package 'ros2_vision_arm_control' build argument 'cmake_clean_cache' from command line to 'False'
[2.875s] Level 5:colcon.colcon_core.verb:set package 'ros2_vision_arm_control' build argument 'cmake_clean_first' from command line to 'False'
[2.875s] Level 5:colcon.colcon_core.verb:set package 'ros2_vision_arm_control' build argument 'cmake_force_configure' from command line to 'False'
[2.875s] Level 5:colcon.colcon_core.verb:set package 'ros2_vision_arm_control' build argument 'ament_cmake_args' from command line to 'None'
[2.875s] Level 5:colcon.colcon_core.verb:set package 'ros2_vision_arm_control' build argument 'catkin_cmake_args' from command line to 'None'
[2.875s] Level 5:colcon.colcon_core.verb:set package 'ros2_vision_arm_control' build argument 'catkin_skip_building_tests' from command line to 'False'
[2.876s] DEBUG:colcon.colcon_core.verb:Building package 'ros2_vision_arm_control' with the following arguments: {'ament_cmake_args': None, 'build_base': '/home/jetson/code/dofbot_ros2_ws/build/ros2_vision_arm_control', 'catkin_cmake_args': None, 'catkin_skip_building_tests': False, 'cmake_args': None, 'cmake_clean_cache': False, 'cmake_clean_first': False, 'cmake_force_configure': False, 'cmake_target': None, 'cmake_target_skip_unavailable': False, 'install_base': '/home/jetson/code/dofbot_ros2_ws/install/ros2_vision_arm_control', 'merge_install': False, 'path': '/home/jetson/code/dofbot_ros2_ws/src/ros2_vision_arm_control', 'symlink_install': True, 'test_result_base': None}
[2.876s] INFO:colcon.colcon_core.executor:Executing jobs using 'parallel' executor
[2.881s] DEBUG:colcon.colcon_parallel_executor.executor.parallel:run_until_complete
[2.881s] INFO:colcon.colcon_ros.task.ament_cmake.build:Building ROS package in '/home/jetson/code/dofbot_ros2_ws/src/ros2_vision_arm_control' with build type 'ament_cmake'
[2.882s] INFO:colcon.colcon_cmake.task.cmake.build:Building CMake package in '/home/jetson/code/dofbot_ros2_ws/src/ros2_vision_arm_control'
[2.891s] INFO:colcon.colcon_core.plugin_system:Skipping extension 'colcon_core.shell.bat': Not used on non-Windows systems
[2.892s] INFO:colcon.colcon_core.shell:Skip shell extension 'powershell' for command environment: Not usable outside of PowerShell
[2.892s] DEBUG:colcon.colcon_core.shell:Skip shell extension 'dsv' for command environment
[2.927s] DEBUG:colcon.colcon_core.event_handler.log_command:Invoking command in '/home/jetson/code/dofbot_ros2_ws/build/ros2_vision_arm_control': CMAKE_PREFIX_PATH=${CMAKE_PREFIX_PATH}:/home/jetson/code/cv_bridge_ws/install/opencv_tests:/opt/ros/foxy /usr/bin/cmake /home/jetson/code/dofbot_ros2_ws/src/ros2_vision_arm_control -DAMENT_CMAKE_SYMLINK_INSTALL=1 -DCMAKE_INSTALL_PREFIX=/home/jetson/code/dofbot_ros2_ws/install/ros2_vision_arm_control
[14.930s] DEBUG:colcon.colcon_core.event_handler.log_command:Invoked command in '/home/jetson/code/dofbot_ros2_ws/build/ros2_vision_arm_control' returned '0': CMAKE_PREFIX_PATH=${CMAKE_PREFIX_PATH}:/home/jetson/code/cv_bridge_ws/install/opencv_tests:/opt/ros/foxy /usr/bin/cmake /home/jetson/code/dofbot_ros2_ws/src/ros2_vision_arm_control -DAMENT_CMAKE_SYMLINK_INSTALL=1 -DCMAKE_INSTALL_PREFIX=/home/jetson/code/dofbot_ros2_ws/install/ros2_vision_arm_control
[14.942s] DEBUG:colcon.colcon_core.event_handler.log_command:Invoking command in '/home/jetson/code/dofbot_ros2_ws/build/ros2_vision_arm_control': CMAKE_PREFIX_PATH=${CMAKE_PREFIX_PATH}:/home/jetson/code/cv_bridge_ws/install/opencv_tests:/opt/ros/foxy /usr/bin/cmake --build /home/jetson/code/dofbot_ros2_ws/build/ros2_vision_arm_control -- -j4 -l4
[29.095s] DEBUG:colcon.colcon_core.event_handler.log_command:Invoked command in '/home/jetson/code/dofbot_ros2_ws/build/ros2_vision_arm_control' returned '0': CMAKE_PREFIX_PATH=${CMAKE_PREFIX_PATH}:/home/jetson/code/cv_bridge_ws/install/opencv_tests:/opt/ros/foxy /usr/bin/cmake --build /home/jetson/code/dofbot_ros2_ws/build/ros2_vision_arm_control -- -j4 -l4
[29.143s] DEBUG:colcon.colcon_core.event_handler.log_command:Invoking command in '/home/jetson/code/dofbot_ros2_ws/build/ros2_vision_arm_control': CMAKE_PREFIX_PATH=${CMAKE_PREFIX_PATH}:/home/jetson/code/cv_bridge_ws/install/opencv_tests:/opt/ros/foxy /usr/bin/cmake --install /home/jetson/code/dofbot_ros2_ws/build/ros2_vision_arm_control
[34.622s] Level 1:colcon.colcon_core.environment:create_environment_scripts_only(ros2_vision_arm_control)
[34.646s] DEBUG:colcon.colcon_core.event_handler.log_command:Invoked command in '/home/jetson/code/dofbot_ros2_ws/build/ros2_vision_arm_control' returned '0': CMAKE_PREFIX_PATH=${CMAKE_PREFIX_PATH}:/home/jetson/code/cv_bridge_ws/install/opencv_tests:/opt/ros/foxy /usr/bin/cmake --install /home/jetson/code/dofbot_ros2_ws/build/ros2_vision_arm_control
[34.649s] Level 1:colcon.colcon_core.environment:checking '/home/jetson/code/dofbot_ros2_ws/install/ros2_vision_arm_control' for CMake module files
[34.653s] Level 1:colcon.colcon_core.environment:checking '/home/jetson/code/dofbot_ros2_ws/install/ros2_vision_arm_control' for CMake config files
[34.672s] Level 1:colcon.colcon_core.shell:create_environment_hook('ros2_vision_arm_control', 'cmake_prefix_path')
[34.674s] INFO:colcon.colcon_core.shell:Creating environment hook '/home/jetson/code/dofbot_ros2_ws/install/ros2_vision_arm_control/share/ros2_vision_arm_control/hook/cmake_prefix_path.ps1'
[34.677s] INFO:colcon.colcon_core.shell:Creating environment descriptor '/home/jetson/code/dofbot_ros2_ws/install/ros2_vision_arm_control/share/ros2_vision_arm_control/hook/cmake_prefix_path.dsv'
[34.680s] INFO:colcon.colcon_core.shell:Creating environment hook '/home/jetson/code/dofbot_ros2_ws/install/ros2_vision_arm_control/share/ros2_vision_arm_control/hook/cmake_prefix_path.sh'
[34.684s] Level 1:colcon.colcon_core.environment:checking '/home/jetson/code/dofbot_ros2_ws/install/ros2_vision_arm_control/lib'
[34.685s] Level 1:colcon.colcon_core.shell:create_environment_hook('ros2_vision_arm_control', 'ld_library_path_lib')
[34.686s] INFO:colcon.colcon_core.shell:Creating environment hook '/home/jetson/code/dofbot_ros2_ws/install/ros2_vision_arm_control/share/ros2_vision_arm_control/hook/ld_library_path_lib.ps1'
[34.688s] INFO:colcon.colcon_core.shell:Creating environment descriptor '/home/jetson/code/dofbot_ros2_ws/install/ros2_vision_arm_control/share/ros2_vision_arm_control/hook/ld_library_path_lib.dsv'
[34.690s] INFO:colcon.colcon_core.shell:Creating environment hook '/home/jetson/code/dofbot_ros2_ws/install/ros2_vision_arm_control/share/ros2_vision_arm_control/hook/ld_library_path_lib.sh'
[34.691s] Level 1:colcon.colcon_core.environment:checking '/home/jetson/code/dofbot_ros2_ws/install/ros2_vision_arm_control/bin'
[34.692s] Level 1:colcon.colcon_core.environment:checking '/home/jetson/code/dofbot_ros2_ws/install/ros2_vision_arm_control/lib/pkgconfig/ros2_vision_arm_control.pc'
[34.693s] Level 1:colcon.colcon_core.environment:checking '/home/jetson/code/dofbot_ros2_ws/install/ros2_vision_arm_control/lib/python3.8/site-packages'
[34.693s] Level 1:colcon.colcon_core.shell:create_environment_hook('ros2_vision_arm_control', 'pythonpath')
[34.695s] INFO:colcon.colcon_core.shell:Creating environment hook '/home/jetson/code/dofbot_ros2_ws/install/ros2_vision_arm_control/share/ros2_vision_arm_control/hook/pythonpath.ps1'
[34.696s] INFO:colcon.colcon_core.shell:Creating environment descriptor '/home/jetson/code/dofbot_ros2_ws/install/ros2_vision_arm_control/share/ros2_vision_arm_control/hook/pythonpath.dsv'
[34.698s] INFO:colcon.colcon_core.shell:Creating environment hook '/home/jetson/code/dofbot_ros2_ws/install/ros2_vision_arm_control/share/ros2_vision_arm_control/hook/pythonpath.sh'
[34.701s] Level 1:colcon.colcon_core.environment:checking '/home/jetson/code/dofbot_ros2_ws/install/ros2_vision_arm_control/bin'
[34.703s] INFO:colcon.colcon_core.shell:Creating package script '/home/jetson/code/dofbot_ros2_ws/install/ros2_vision_arm_control/share/ros2_vision_arm_control/package.ps1'
[34.707s] INFO:colcon.colcon_core.shell:Creating package descriptor '/home/jetson/code/dofbot_ros2_ws/install/ros2_vision_arm_control/share/ros2_vision_arm_control/package.dsv'
[34.710s] INFO:colcon.colcon_core.shell:Creating package script '/home/jetson/code/dofbot_ros2_ws/install/ros2_vision_arm_control/share/ros2_vision_arm_control/package.sh'
[34.727s] INFO:colcon.colcon_core.shell:Creating package script '/home/jetson/code/dofbot_ros2_ws/install/ros2_vision_arm_control/share/ros2_vision_arm_control/package.bash'
[34.730s] INFO:colcon.colcon_core.shell:Creating package script '/home/jetson/code/dofbot_ros2_ws/install/ros2_vision_arm_control/share/ros2_vision_arm_control/package.zsh'
[34.734s] Level 1:colcon.colcon_core.environment:create_file_with_runtime_dependencies(/home/jetson/code/dofbot_ros2_ws/install/ros2_vision_arm_control/share/colcon-core/packages/ros2_vision_arm_control)
[34.737s] Level 1:colcon.colcon_core.environment:create_environment_scripts_only(ros2_vision_arm_control)
[34.739s] Level 1:colcon.colcon_core.environment:checking '/home/jetson/code/dofbot_ros2_ws/install/ros2_vision_arm_control' for CMake module files
[34.743s] Level 1:colcon.colcon_core.environment:checking '/home/jetson/code/dofbot_ros2_ws/install/ros2_vision_arm_control' for CMake config files
[34.762s] Level 1:colcon.colcon_core.shell:create_environment_hook('ros2_vision_arm_control', 'cmake_prefix_path')
[34.763s] INFO:colcon.colcon_core.shell:Creating environment hook '/home/jetson/code/dofbot_ros2_ws/install/ros2_vision_arm_control/share/ros2_vision_arm_control/hook/cmake_prefix_path.ps1'
[34.765s] INFO:colcon.colcon_core.shell:Creating environment descriptor '/home/jetson/code/dofbot_ros2_ws/install/ros2_vision_arm_control/share/ros2_vision_arm_control/hook/cmake_prefix_path.dsv'
[34.767s] INFO:colcon.colcon_core.shell:Creating environment hook '/home/jetson/code/dofbot_ros2_ws/install/ros2_vision_arm_control/share/ros2_vision_arm_control/hook/cmake_prefix_path.sh'
[34.784s] Level 1:colcon.colcon_core.environment:checking '/home/jetson/code/dofbot_ros2_ws/install/ros2_vision_arm_control/lib'
[34.785s] Level 1:colcon.colcon_core.shell:create_environment_hook('ros2_vision_arm_control', 'ld_library_path_lib')
[34.786s] INFO:colcon.colcon_core.shell:Creating environment hook '/home/jetson/code/dofbot_ros2_ws/install/ros2_vision_arm_control/share/ros2_vision_arm_control/hook/ld_library_path_lib.ps1'
[34.788s] INFO:colcon.colcon_core.shell:Creating environment descriptor '/home/jetson/code/dofbot_ros2_ws/install/ros2_vision_arm_control/share/ros2_vision_arm_control/hook/ld_library_path_lib.dsv'
[34.790s] INFO:colcon.colcon_core.shell:Creating environment hook '/home/jetson/code/dofbot_ros2_ws/install/ros2_vision_arm_control/share/ros2_vision_arm_control/hook/ld_library_path_lib.sh'
[34.805s] Level 1:colcon.colcon_core.environment:checking '/home/jetson/code/dofbot_ros2_ws/install/ros2_vision_arm_control/bin'
[34.806s] Level 1:colcon.colcon_core.environment:checking '/home/jetson/code/dofbot_ros2_ws/install/ros2_vision_arm_control/lib/pkgconfig/ros2_vision_arm_control.pc'
[34.807s] Level 1:colcon.colcon_core.environment:checking '/home/jetson/code/dofbot_ros2_ws/install/ros2_vision_arm_control/lib/python3.8/site-packages'
[34.807s] Level 1:colcon.colcon_core.shell:create_environment_hook('ros2_vision_arm_control', 'pythonpath')
[34.808s] INFO:colcon.colcon_core.shell:Creating environment hook '/home/jetson/code/dofbot_ros2_ws/install/ros2_vision_arm_control/share/ros2_vision_arm_control/hook/pythonpath.ps1'
[34.810s] INFO:colcon.colcon_core.shell:Creating environment descriptor '/home/jetson/code/dofbot_ros2_ws/install/ros2_vision_arm_control/share/ros2_vision_arm_control/hook/pythonpath.dsv'
[34.812s] INFO:colcon.colcon_core.shell:Creating environment hook '/home/jetson/code/dofbot_ros2_ws/install/ros2_vision_arm_control/share/ros2_vision_arm_control/hook/pythonpath.sh'
[34.815s] Level 1:colcon.colcon_core.environment:checking '/home/jetson/code/dofbot_ros2_ws/install/ros2_vision_arm_control/bin'
[34.825s] INFO:colcon.colcon_core.shell:Creating package script '/home/jetson/code/dofbot_ros2_ws/install/ros2_vision_arm_control/share/ros2_vision_arm_control/package.ps1'
[34.829s] INFO:colcon.colcon_core.shell:Creating package descriptor '/home/jetson/code/dofbot_ros2_ws/install/ros2_vision_arm_control/share/ros2_vision_arm_control/package.dsv'
[34.832s] INFO:colcon.colcon_core.shell:Creating package script '/home/jetson/code/dofbot_ros2_ws/install/ros2_vision_arm_control/share/ros2_vision_arm_control/package.sh'
[34.834s] INFO:colcon.colcon_core.shell:Creating package script '/home/jetson/code/dofbot_ros2_ws/install/ros2_vision_arm_control/share/ros2_vision_arm_control/package.bash'
[34.837s] INFO:colcon.colcon_core.shell:Creating package script '/home/jetson/code/dofbot_ros2_ws/install/ros2_vision_arm_control/share/ros2_vision_arm_control/package.zsh'
[34.851s] Level 1:colcon.colcon_core.environment:create_file_with_runtime_dependencies(/home/jetson/code/dofbot_ros2_ws/install/ros2_vision_arm_control/share/colcon-core/packages/ros2_vision_arm_control)
[34.860s] DEBUG:colcon.colcon_parallel_executor.executor.parallel:closing loop
[34.861s] DEBUG:colcon.colcon_parallel_executor.executor.parallel:loop closed
[34.862s] DEBUG:colcon.colcon_parallel_executor.executor.parallel:run_until_complete finished with '0'
[34.862s] DEBUG:colcon.colcon_core.event_reactor:joining thread
[34.905s] INFO:colcon.colcon_core.plugin_system:Skipping extension 'colcon_notification.desktop_notification.terminal_notifier': Not used on non-Darwin systems
[34.906s] INFO:colcon.colcon_core.plugin_system:Skipping extension 'colcon_notification.desktop_notification.win32': Not used on non-Windows systems
[34.906s] INFO:colcon.colcon_notification.desktop_notification:Sending desktop notification using 'notify2'
[35.043s] DEBUG:colcon.colcon_notification.desktop_notification.notify2:Failed to initialize notify2: org.freedesktop.DBus.Error.Spawn.ChildExited: Process org.freedesktop.Notifications exited with status 1
[35.044s] DEBUG:colcon.colcon_core.event_reactor:joined thread
[35.045s] INFO:colcon.colcon_core.shell:Creating prefix script '/home/jetson/code/dofbot_ros2_ws/install/local_setup.ps1'
[35.049s] INFO:colcon.colcon_core.shell:Creating prefix util module '/home/jetson/code/dofbot_ros2_ws/install/_local_setup_util_ps1.py'
[35.060s] INFO:colcon.colcon_core.shell:Creating prefix chain script '/home/jetson/code/dofbot_ros2_ws/install/setup.ps1'
[35.076s] INFO:colcon.colcon_core.shell:Creating prefix script '/home/jetson/code/dofbot_ros2_ws/install/local_setup.sh'
[35.083s] INFO:colcon.colcon_core.shell:Creating prefix util module '/home/jetson/code/dofbot_ros2_ws/install/_local_setup_util_sh.py'
[35.086s] INFO:colcon.colcon_core.shell:Creating prefix chain script '/home/jetson/code/dofbot_ros2_ws/install/setup.sh'
[35.096s] INFO:colcon.colcon_core.shell:Creating prefix script '/home/jetson/code/dofbot_ros2_ws/install/local_setup.bash'
[35.115s] INFO:colcon.colcon_core.shell:Creating prefix chain script '/home/jetson/code/dofbot_ros2_ws/install/setup.bash'
[35.133s] INFO:colcon.colcon_core.shell:Creating prefix script '/home/jetson/code/dofbot_ros2_ws/install/local_setup.zsh'
[35.136s] INFO:colcon.colcon_core.shell:Creating prefix chain script '/home/jetson/code/dofbot_ros2_ws/install/setup.zsh'
